0 verbose cli D:\Nodejs\node.exe D:\Nodejs\node_modules\npm\bin\npm-cli.js
1 info using npm@11.12.1
2 info using node@v24.15.0
3 silly config load:file:D:\Nodejs\node_modules\npm\npmrc
4 silly config load:file:C:\Users\wuhu\Desktop\zihua-project\zihua-web\.npmrc
5 silly config load:file:C:\Users\wuhu\.npmrc
6 silly config load:file:C:\Users\wuhu\AppData\Roaming\npm\etc\npmrc
7 verbose title npm install
8 verbose argv "install" "--cache" ".npm-cache"
9 verbose logfile logs-max:10 dir:C:\Users\wuhu\Desktop\zihua-project\zihua-web\.npm-cache\_logs\2026-05-03T02_43_44_327Z-
10 verbose logfile C:\Users\wuhu\Desktop\zihua-project\zihua-web\.npm-cache\_logs\2026-05-03T02_43_44_327Z-debug-0.log
11 silly logfile done cleaning log files
12 silly packumentCache heap:4496293888 maxSize:1124073472 maxEntrySize:562036736
13 silly idealTree buildDeps
14 silly fetch manifest axios@^1.9.0
15 silly packumentCache full:https://registry.npmjs.org/axios cache-miss
16 http fetch GET 200 https://registry.npmjs.org/axios 274ms (cache miss)
17 silly packumentCache full:https://registry.npmjs.org/axios set size:undefined disposed:false
18 silly fetch manifest vue@^3.5.13
19 silly packumentCache full:https://registry.npmjs.org/vue cache-miss
20 http fetch GET 200 https://registry.npmjs.org/npm 341ms
21 http fetch GET 200 https://registry.npmjs.org/vue 165ms (cache miss)
22 silly packumentCache full:https://registry.npmjs.org/vue set size:undefined disposed:false
23 silly fetch manifest typescript@*
24 silly packumentCache full:https://registry.npmjs.org/typescript cache-miss
25 http fetch GET 200 https://registry.npmjs.org/typescript 386ms (cache miss)
26 silly packumentCache full:https://registry.npmjs.org/typescript set size:undefined disposed:false
27 silly fetch manifest vue-router@^4.5.1
28 silly packumentCache full:https://registry.npmjs.org/vue-router cache-miss
29 http fetch GET 200 https://registry.npmjs.org/vue-router 114ms (cache miss)
30 silly packumentCache full:https://registry.npmjs.org/vue-router set size:undefined disposed:false
31 silly fetch manifest @vitejs/plugin-vue@^5.2.4
32 silly packumentCache full:https://registry.npmjs.org/@vitejs%2fplugin-vue cache-miss
33 http fetch GET 200 https://registry.npmjs.org/@vitejs%2fplugin-vue 124ms (cache miss)
34 silly packumentCache full:https://registry.npmjs.org/@vitejs%2fplugin-vue set size:undefined disposed:false
35 silly fetch manifest vite@^6.3.5
36 silly packumentCache full:https://registry.npmjs.org/vite cache-miss
37 http fetch GET 200 https://registry.npmjs.org/vite 1363ms (cache miss)
38 silly packumentCache full:https://registry.npmjs.org/vite set size:undefined disposed:false
39 silly fetch manifest @types/node@^18.0.0 || ^20.0.0 || >=22.0.0
40 silly packumentCache full:https://registry.npmjs.org/@types%2fnode cache-miss
41 http fetch GET 200 https://registry.npmjs.org/@types%2fnode 265ms (cache miss)
42 silly packumentCache full:https://registry.npmjs.org/@types%2fnode set size:undefined disposed:false
43 silly fetch manifest jiti@>=1.21.0
44 silly packumentCache full:https://registry.npmjs.org/jiti cache-miss
45 http fetch GET 200 https://registry.npmjs.org/jiti 113ms (cache miss)
46 silly packumentCache full:https://registry.npmjs.org/jiti set size:undefined disposed:false
47 silly fetch manifest less@*
48 silly packumentCache full:https://registry.npmjs.org/less cache-miss
49 http fetch GET 200 https://registry.npmjs.org/less 103ms (cache miss)
50 silly packumentCache full:https://registry.npmjs.org/less set size:undefined disposed:false
51 silly fetch manifest lightningcss@^1.21.0
52 silly packumentCache full:https://registry.npmjs.org/lightningcss cache-miss
53 http fetch GET 200 https://registry.npmjs.org/lightningcss 97ms (cache miss)
54 silly packumentCache full:https://registry.npmjs.org/lightningcss set size:undefined disposed:false
55 silly fetch manifest sass@*
56 silly packumentCache full:https://registry.npmjs.org/sass cache-miss
57 http fetch GET 200 https://registry.npmjs.org/sass 119ms (cache miss)
58 silly packumentCache full:https://registry.npmjs.org/sass set size:undefined disposed:false
59 silly fetch manifest sass-embedded@*
60 silly packumentCache full:https://registry.npmjs.org/sass-embedded cache-miss
61 http fetch GET 200 https://registry.npmjs.org/sass-embedded 104ms (cache miss)
62 silly packumentCache full:https://registry.npmjs.org/sass-embedded set size:undefined disposed:false
63 silly fetch manifest stylus@*
64 silly packumentCache full:https://registry.npmjs.org/stylus cache-miss
65 http fetch GET 200 https://registry.npmjs.org/stylus 100ms (cache miss)
66 silly packumentCache full:https://registry.npmjs.org/stylus set size:undefined disposed:false
67 silly fetch manifest sugarss@*
68 silly packumentCache full:https://registry.npmjs.org/sugarss cache-miss
69 http fetch GET 200 https://registry.npmjs.org/sugarss 93ms (cache miss)
70 silly packumentCache full:https://registry.npmjs.org/sugarss set size:undefined disposed:false
71 silly fetch manifest postcss@^8.3.3
72 silly packumentCache full:https://registry.npmjs.org/postcss cache-miss
73 http fetch GET 200 https://registry.npmjs.org/postcss 119ms (cache miss)
74 silly packumentCache full:https://registry.npmjs.org/postcss set size:undefined disposed:false
75 silly fetch manifest terser@^5.16.0
76 silly packumentCache full:https://registry.npmjs.org/terser cache-miss
77 http fetch GET 200 https://registry.npmjs.org/terser 134ms (cache miss)
78 silly packumentCache full:https://registry.npmjs.org/terser set size:undefined disposed:false
79 silly fetch manifest tsx@^4.8.1
80 silly packumentCache full:https://registry.npmjs.org/tsx cache-miss
81 http fetch GET 200 https://registry.npmjs.org/tsx 97ms (cache miss)
82 silly packumentCache full:https://registry.npmjs.org/tsx set size:undefined disposed:false
83 silly fetch manifest yaml@^2.4.2
84 silly packumentCache full:https://registry.npmjs.org/yaml cache-miss
85 http fetch GET 200 https://registry.npmjs.org/yaml 102ms (cache miss)
86 silly packumentCache full:https://registry.npmjs.org/yaml set size:undefined disposed:false
87 silly placeDep ROOT @vitejs/plugin-vue@5.2.4 OK for: zihua-web@0.0.1 want: ^5.2.4
88 silly placeDep ROOT vue@3.5.33 OK for: @vitejs/plugin-vue@5.2.4 want: ^3.2.25
89 silly placeDep ROOT vite@6.4.2 OK for: @vitejs/plugin-vue@5.2.4 want: ^5.0.0 || ^6.0.0
90 silly placeDep ROOT axios@1.16.0 OK for: zihua-web@0.0.1 want: ^1.9.0
91 silly placeDep ROOT vue-router@4.6.4 OK for: zihua-web@0.0.1 want: ^4.5.1
92 silly fetch manifest fdir@^6.4.4
93 silly packumentCache full:https://registry.npmjs.org/fdir cache-miss
94 silly fetch manifest rollup@^4.34.9
95 silly packumentCache full:https://registry.npmjs.org/rollup cache-miss
96 silly fetch manifest esbuild@^0.25.0
97 silly packumentCache full:https://registry.npmjs.org/esbuild cache-miss
98 silly fetch manifest postcss@^8.5.3
99 silly packumentCache full:https://registry.npmjs.org/postcss cache-miss
100 silly fetch manifest picomatch@^4.0.2
101 silly packumentCache full:https://registry.npmjs.org/picomatch cache-miss
102 silly fetch manifest tinyglobby@^0.2.13
103 silly packumentCache full:https://registry.npmjs.org/tinyglobby cache-miss
104 silly fetch manifest fsevents@~2.3.3
105 silly packumentCache full:https://registry.npmjs.org/fsevents cache-miss
106 silly fetch manifest @vue/shared@3.5.33
107 silly packumentCache full:https://registry.npmjs.org/@vue%2fshared cache-miss
108 silly fetch manifest @vue/compiler-dom@3.5.33
109 silly packumentCache full:https://registry.npmjs.org/@vue%2fcompiler-dom cache-miss
110 silly fetch manifest @vue/runtime-dom@3.5.33
111 silly packumentCache full:https://registry.npmjs.org/@vue%2fruntime-dom cache-miss
112 silly fetch manifest @vue/compiler-sfc@3.5.33
113 silly packumentCache full:https://registry.npmjs.org/@vue%2fcompiler-sfc cache-miss
114 silly fetch manifest @vue/server-renderer@3.5.33
115 silly packumentCache full:https://registry.npmjs.org/@vue%2fserver-renderer cache-miss
116 silly fetch manifest follow-redirects@^1.16.0
117 silly packumentCache full:https://registry.npmjs.org/follow-redirects cache-miss
118 silly fetch manifest form-data@^4.0.5
119 silly packumentCache full:https://registry.npmjs.org/form-data cache-miss
120 silly fetch manifest proxy-from-env@^2.1.0
121 silly packumentCache full:https://registry.npmjs.org/proxy-from-env cache-miss
122 http cache https://registry.npmjs.org/postcss 25ms (cache hit)
123 silly packumentCache full:https://registry.npmjs.org/postcss set size:717287 disposed:false
124 silly fetch manifest @vue/devtools-api@^6.6.4
125 silly packumentCache full:https://registry.npmjs.org/@vue%2fdevtools-api cache-miss
126 http fetch GET 200 https://registry.npmjs.org/fdir 101ms (cache miss)
127 silly packumentCache full:https://registry.npmjs.org/fdir set size:undefined disposed:false
128 http fetch GET 200 https://registry.npmjs.org/rollup 250ms (cache miss)
129 silly packumentCache full:https://registry.npmjs.org/rollup set size:undefined disposed:false
130 http fetch GET 200 https://registry.npmjs.org/proxy-from-env 322ms (cache miss)
131 silly packumentCache full:https://registry.npmjs.org/proxy-from-env set size:undefined disposed:false
132 http fetch GET 200 https://registry.npmjs.org/picomatch 335ms (cache miss)
133 silly packumentCache full:https://registry.npmjs.org/picomatch set size:undefined disposed:false
134 http fetch GET 200 https://registry.npmjs.org/form-data 336ms (cache miss)
135 silly packumentCache full:https://registry.npmjs.org/form-data set size:undefined disposed:false
136 http fetch GET 200 https://registry.npmjs.org/tinyglobby 341ms (cache miss)
137 silly packumentCache full:https://registry.npmjs.org/tinyglobby set size:undefined disposed:false
138 http fetch GET 200 https://registry.npmjs.org/follow-redirects 343ms (cache miss)
139 silly packumentCache full:https://registry.npmjs.org/follow-redirects set size:undefined disposed:false
140 http fetch GET 200 https://registry.npmjs.org/fsevents 354ms (cache miss)
141 silly packumentCache full:https://registry.npmjs.org/fsevents set size:undefined disposed:false
142 http fetch GET 200 https://registry.npmjs.org/@vue%2fserver-renderer 405ms (cache miss)
143 silly packumentCache full:https://registry.npmjs.org/@vue%2fserver-renderer set size:undefined disposed:false
144 http fetch GET 200 https://registry.npmjs.org/@vue%2fdevtools-api 379ms (cache miss)
145 silly packumentCache full:https://registry.npmjs.org/@vue%2fdevtools-api set size:undefined disposed:false
146 http fetch GET 200 https://registry.npmjs.org/@vue%2fcompiler-dom 525ms (cache miss)
147 silly packumentCache full:https://registry.npmjs.org/@vue%2fcompiler-dom set size:undefined disposed:false
148 http fetch GET 200 https://registry.npmjs.org/esbuild 623ms (cache miss)
149 silly packumentCache full:https://registry.npmjs.org/esbuild set size:undefined disposed:false
150 http fetch GET 200 https://registry.npmjs.org/@vue%2fshared 706ms (cache miss)
151 silly packumentCache full:https://registry.npmjs.org/@vue%2fshared set size:undefined disposed:false
152 http fetch GET 200 https://registry.npmjs.org/@vue%2fruntime-dom 712ms (cache miss)
153 silly packumentCache full:https://registry.npmjs.org/@vue%2fruntime-dom set size:undefined disposed:false
154 http fetch GET 200 https://registry.npmjs.org/@vue%2fcompiler-sfc 716ms (cache miss)
155 silly packumentCache full:https://registry.npmjs.org/@vue%2fcompiler-sfc set size:undefined disposed:false
156 silly placeDep ROOT follow-redirects@1.16.0 OK for: axios@1.16.0 want: ^1.16.0
157 silly placeDep ROOT form-data@4.0.5 OK for: axios@1.16.0 want: ^4.0.5
158 silly placeDep ROOT proxy-from-env@2.1.0 OK for: axios@1.16.0 want: ^2.1.0
159 silly fetch manifest asynckit@^0.4.0
160 silly packumentCache full:https://registry.npmjs.org/asynckit cache-miss
161 silly fetch manifest combined-stream@^1.0.8
162 silly packumentCache full:https://registry.npmjs.org/combined-stream cache-miss
163 silly fetch manifest es-set-tostringtag@^2.1.0
164 silly packumentCache full:https://registry.npmjs.org/es-set-tostringtag cache-miss
165 silly fetch manifest hasown@^2.0.2
166 silly packumentCache full:https://registry.npmjs.org/hasown cache-miss
167 silly fetch manifest mime-types@^2.1.12
168 silly packumentCache full:https://registry.npmjs.org/mime-types cache-miss
169 http fetch GET 200 https://registry.npmjs.org/es-set-tostringtag 90ms (cache miss)
170 silly packumentCache full:https://registry.npmjs.org/es-set-tostringtag set size:undefined disposed:false
171 http fetch GET 200 https://registry.npmjs.org/combined-stream 96ms (cache miss)
172 silly packumentCache full:https://registry.npmjs.org/combined-stream set size:undefined disposed:false
173 http fetch GET 200 https://registry.npmjs.org/asynckit 101ms (cache miss)
174 silly packumentCache full:https://registry.npmjs.org/asynckit set size:undefined disposed:false
175 http fetch GET 200 https://registry.npmjs.org/hasown 101ms (cache miss)
176 silly packumentCache full:https://registry.npmjs.org/hasown set size:undefined disposed:false
177 http fetch GET 200 https://registry.npmjs.org/mime-types 103ms (cache miss)
178 silly packumentCache full:https://registry.npmjs.org/mime-types set size:undefined disposed:false
179 silly placeDep ROOT asynckit@0.4.0 OK for: form-data@4.0.5 want: ^0.4.0
180 silly placeDep ROOT combined-stream@1.0.8 OK for: form-data@4.0.5 want: ^1.0.8
181 silly placeDep ROOT es-set-tostringtag@2.1.0 OK for: form-data@4.0.5 want: ^2.1.0
182 silly placeDep ROOT hasown@2.0.3 OK for: form-data@4.0.5 want: ^2.0.2
183 silly placeDep ROOT mime-types@2.1.35 OK for: form-data@4.0.5 want: ^2.1.12
184 silly fetch manifest delayed-stream@~1.0.0
185 silly packumentCache full:https://registry.npmjs.org/delayed-stream cache-miss
186 silly fetch manifest es-errors@^1.3.0
187 silly packumentCache full:https://registry.npmjs.org/es-errors cache-miss
188 silly fetch manifest get-intrinsic@^1.2.6
189 silly packumentCache full:https://registry.npmjs.org/get-intrinsic cache-miss
190 silly fetch manifest has-tostringtag@^1.0.2
191 silly packumentCache full:https://registry.npmjs.org/has-tostringtag cache-miss
192 silly fetch manifest function-bind@^1.1.2
193 silly packumentCache full:https://registry.npmjs.org/function-bind cache-miss
194 silly fetch manifest mime-db@1.52.0
195 silly packumentCache full:https://registry.npmjs.org/mime-db cache-miss
196 http fetch GET 200 https://registry.npmjs.org/function-bind 90ms (cache miss)
197 silly packumentCache full:https://registry.npmjs.org/function-bind set size:undefined disposed:false
198 http fetch GET 200 https://registry.npmjs.org/has-tostringtag 91ms (cache miss)
199 silly packumentCache full:https://registry.npmjs.org/has-tostringtag set size:undefined disposed:false
200 http fetch GET 200 https://registry.npmjs.org/es-errors 92ms (cache miss)
201 silly packumentCache full:https://registry.npmjs.org/es-errors set size:undefined disposed:false
202 http fetch GET 200 https://registry.npmjs.org/delayed-stream 95ms (cache miss)
203 silly packumentCache full:https://registry.npmjs.org/delayed-stream set size:undefined disposed:false
204 http fetch GET 200 https://registry.npmjs.org/get-intrinsic 94ms (cache miss)
205 silly packumentCache full:https://registry.npmjs.org/get-intrinsic set size:undefined disposed:false
206 http fetch GET 200 https://registry.npmjs.org/mime-db 97ms (cache miss)
207 silly packumentCache full:https://registry.npmjs.org/mime-db set size:undefined disposed:false
208 silly placeDep ROOT delayed-stream@1.0.0 OK for: combined-stream@1.0.8 want: ~1.0.0
209 silly placeDep ROOT es-errors@1.3.0 OK for: es-set-tostringtag@2.1.0 want: ^1.3.0
210 silly placeDep ROOT get-intrinsic@1.3.0 OK for: es-set-tostringtag@2.1.0 want: ^1.2.6
211 silly placeDep ROOT has-tostringtag@1.0.2 OK for: es-set-tostringtag@2.1.0 want: ^1.0.2
212 silly fetch manifest gopd@^1.2.0
213 silly packumentCache full:https://registry.npmjs.org/gopd cache-miss
214 silly fetch manifest get-proto@^1.0.1
215 silly packumentCache full:https://registry.npmjs.org/get-proto cache-miss
216 silly fetch manifest has-symbols@^1.1.0
217 silly packumentCache full:https://registry.npmjs.org/has-symbols cache-miss
218 silly fetch manifest es-object-atoms@^1.1.1
219 silly packumentCache full:https://registry.npmjs.org/es-object-atoms cache-miss
220 silly fetch manifest math-intrinsics@^1.1.0
221 silly packumentCache full:https://registry.npmjs.org/math-intrinsics cache-miss
222 silly fetch manifest es-define-property@^1.0.1
223 silly packumentCache full:https://registry.npmjs.org/es-define-property cache-miss
224 silly fetch manifest call-bind-apply-helpers@^1.0.2
225 silly packumentCache full:https://registry.npmjs.org/call-bind-apply-helpers cache-miss
226 silly fetch manifest has-symbols@^1.0.3
227 silly packumentCache full:https://registry.npmjs.org/has-symbols cache-miss
228 http fetch GET 200 https://registry.npmjs.org/gopd 88ms (cache miss)
229 silly packumentCache full:https://registry.npmjs.org/gopd set size:undefined disposed:false
230 http fetch GET 200 https://registry.npmjs.org/math-intrinsics 98ms (cache miss)
231 silly packumentCache full:https://registry.npmjs.org/math-intrinsics set size:undefined disposed:false
232 http fetch GET 200 https://registry.npmjs.org/es-define-property 98ms (cache miss)
233 silly packumentCache full:https://registry.npmjs.org/es-define-property set size:undefined disposed:false
234 http fetch GET 200 https://registry.npmjs.org/has-symbols 99ms (cache miss)
235 silly packumentCache full:https://registry.npmjs.org/has-symbols set size:undefined disposed:false
236 http fetch GET 200 https://registry.npmjs.org/get-proto 100ms (cache miss)
237 silly packumentCache full:https://registry.npmjs.org/get-proto set size:undefined disposed:false
238 http fetch GET 200 https://registry.npmjs.org/has-symbols 99ms (cache miss)
239 silly packumentCache full:https://registry.npmjs.org/has-symbols set size:undefined disposed:false
240 http fetch GET 200 https://registry.npmjs.org/call-bind-apply-helpers 99ms (cache miss)
241 silly packumentCache full:https://registry.npmjs.org/call-bind-apply-helpers set size:undefined disposed:false
242 http fetch GET 200 https://registry.npmjs.org/es-object-atoms 104ms (cache miss)
243 silly packumentCache full:https://registry.npmjs.org/es-object-atoms set size:undefined disposed:false
244 silly placeDep ROOT call-bind-apply-helpers@1.0.2 OK for: get-intrinsic@1.3.0 want: ^1.0.2
245 silly placeDep ROOT es-define-property@1.0.1 OK for: get-intrinsic@1.3.0 want: ^1.0.1
246 silly placeDep ROOT es-object-atoms@1.1.1 OK for: get-intrinsic@1.3.0 want: ^1.1.1
247 silly placeDep ROOT function-bind@1.1.2 OK for: get-intrinsic@1.3.0 want: ^1.1.2
248 silly placeDep ROOT get-proto@1.0.1 OK for: get-intrinsic@1.3.0 want: ^1.0.1
249 silly placeDep ROOT gopd@1.2.0 OK for: get-intrinsic@1.3.0 want: ^1.2.0
250 silly placeDep ROOT has-symbols@1.1.0 OK for: get-intrinsic@1.3.0 want: ^1.1.0
251 silly placeDep ROOT math-intrinsics@1.1.0 OK for: get-intrinsic@1.3.0 want: ^1.1.0
252 silly fetch manifest dunder-proto@^1.0.1
253 silly packumentCache full:https://registry.npmjs.org/dunder-proto cache-miss
254 http fetch GET 200 https://registry.npmjs.org/dunder-proto 89ms (cache miss)
255 silly packumentCache full:https://registry.npmjs.org/dunder-proto set size:undefined disposed:false
256 silly placeDep ROOT dunder-proto@1.0.1 OK for: get-proto@1.0.1 want: ^1.0.1
257 silly placeDep ROOT mime-db@1.52.0 OK for: mime-types@2.1.35 want: 1.52.0
258 silly placeDep ROOT esbuild@0.25.12 OK for: vite@6.4.2 want: ^0.25.0
259 silly placeDep ROOT fdir@6.5.0 OK for: vite@6.4.2 want: ^6.4.4
260 silly placeDep ROOT fsevents@2.3.3 OK for: vite@6.4.2 want: ~2.3.3
261 silly placeDep ROOT picomatch@4.0.4 OK for: vite@6.4.2 want: ^4.0.2
262 silly placeDep ROOT postcss@8.5.13 OK for: vite@6.4.2 want: ^8.5.3
263 silly placeDep ROOT rollup@4.60.2 OK for: vite@6.4.2 want: ^4.34.9
264 silly placeDep ROOT tinyglobby@0.2.16 OK for: vite@6.4.2 want: ^0.2.13
265 silly fetch manifest @esbuild/aix-ppc64@0.25.12
266 silly packumentCache full:https://registry.npmjs.org/@esbuild%2faix-ppc64 cache-miss
267 silly fetch manifest @esbuild/linux-arm@0.25.12
268 silly packumentCache full:https://registry.npmjs.org/@esbuild%2flinux-arm cache-miss
269 silly fetch manifest @esbuild/linux-x64@0.25.12
270 silly packumentCache full:https://registry.npmjs.org/@esbuild%2flinux-x64 cache-miss
271 silly fetch manifest @esbuild/sunos-x64@0.25.12
272 silly packumentCache full:https://registry.npmjs.org/@esbuild%2fsunos-x64 cache-miss
273 silly fetch manifest @esbuild/win32-x64@0.25.12
274 silly packumentCache full:https://registry.npmjs.org/@esbuild%2fwin32-x64 cache-miss
275 silly fetch manifest @esbuild/darwin-x64@0.25.12
276 silly packumentCache full:https://registry.npmjs.org/@esbuild%2fdarwin-x64 cache-miss
277 silly fetch manifest @esbuild/linux-ia32@0.25.12
278 silly packumentCache full:https://registry.npmjs.org/@esbuild%2flinux-ia32 cache-miss
279 silly fetch manifest @esbuild/netbsd-x64@0.25.12
280 silly packumentCache full:https://registry.npmjs.org/@esbuild%2fnetbsd-x64 cache-miss
281 silly fetch manifest @esbuild/win32-ia32@0.25.12
282 silly packumentCache full:https://registry.npmjs.org/@esbuild%2fwin32-ia32 cache-miss
283 silly fetch manifest @esbuild/android-arm@0.25.12
284 silly packumentCache full:https://registry.npmjs.org/@esbuild%2fandroid-arm cache-miss
285 silly fetch manifest @esbuild/android-x64@0.25.12
286 silly packumentCache full:https://registry.npmjs.org/@esbuild%2fandroid-x64 cache-miss
287 silly fetch manifest @esbuild/freebsd-x64@0.25.12
288 silly packumentCache full:https://registry.npmjs.org/@esbuild%2ffreebsd-x64 cache-miss
289 silly fetch manifest @esbuild/linux-arm64@0.25.12
290 silly packumentCache full:https://registry.npmjs.org/@esbuild%2flinux-arm64 cache-miss
291 silly fetch manifest @esbuild/linux-ppc64@0.25.12
292 silly packumentCache full:https://registry.npmjs.org/@esbuild%2flinux-ppc64 cache-miss
293 silly fetch manifest @esbuild/linux-s390x@0.25.12
294 silly packumentCache full:https://registry.npmjs.org/@esbuild%2flinux-s390x cache-miss
295 http fetch GET 200 https://registry.npmjs.org/@esbuild%2faix-ppc64 104ms (cache miss)
296 silly packumentCache full:https://registry.npmjs.org/@esbuild%2faix-ppc64 set size:undefined disposed:false
297 silly fetch manifest @esbuild/openbsd-x64@0.25.12
298 silly packumentCache full:https://registry.npmjs.org/@esbuild%2fopenbsd-x64 cache-miss
299 http fetch GET 200 https://registry.npmjs.org/@esbuild%2flinux-arm 128ms (cache miss)
300 silly packumentCache full:https://registry.npmjs.org/@esbuild%2flinux-arm set size:undefined disposed:false
301 silly fetch manifest @esbuild/win32-arm64@0.25.12
302 silly packumentCache full:https://registry.npmjs.org/@esbuild%2fwin32-arm64 cache-miss
303 http fetch GET 200 https://registry.npmjs.org/@esbuild%2flinux-x64 131ms (cache miss)
304 silly packumentCache full:https://registry.npmjs.org/@esbuild%2flinux-x64 set size:undefined disposed:false
305 silly fetch manifest @esbuild/darwin-arm64@0.25.12
306 silly packumentCache full:https://registry.npmjs.org/@esbuild%2fdarwin-arm64 cache-miss
307 http fetch GET 200 https://registry.npmjs.org/@esbuild%2fsunos-x64 139ms (cache miss)
308 silly packumentCache full:https://registry.npmjs.org/@esbuild%2fsunos-x64 set size:undefined disposed:false
309 silly fetch manifest @esbuild/netbsd-arm64@0.25.12
310 silly packumentCache full:https://registry.npmjs.org/@esbuild%2fnetbsd-arm64 cache-miss
311 http fetch GET 200 https://registry.npmjs.org/@esbuild%2fwin32-ia32 153ms (cache miss)
312 silly packumentCache full:https://registry.npmjs.org/@esbuild%2fwin32-ia32 set size:undefined disposed:false
313 silly fetch manifest @esbuild/android-arm64@0.25.12
314 silly packumentCache full:https://registry.npmjs.org/@esbuild%2fandroid-arm64 cache-miss
315 http fetch GET 200 https://registry.npmjs.org/@esbuild%2flinux-ia32 158ms (cache miss)
316 silly packumentCache full:https://registry.npmjs.org/@esbuild%2flinux-ia32 set size:undefined disposed:false
317 silly fetch manifest @esbuild/freebsd-arm64@0.25.12
318 silly packumentCache full:https://registry.npmjs.org/@esbuild%2ffreebsd-arm64 cache-miss
319 http fetch GET 200 https://registry.npmjs.org/@esbuild%2fnetbsd-x64 161ms (cache miss)
320 silly packumentCache full:https://registry.npmjs.org/@esbuild%2fnetbsd-x64 set size:undefined disposed:false
321 silly fetch manifest @esbuild/linux-loong64@0.25.12
322 silly packumentCache full:https://registry.npmjs.org/@esbuild%2flinux-loong64 cache-miss
323 http fetch GET 200 https://registry.npmjs.org/@esbuild%2fandroid-x64 166ms (cache miss)
324 silly packumentCache full:https://registry.npmjs.org/@esbuild%2fandroid-x64 set size:undefined disposed:false
325 silly fetch manifest @esbuild/linux-riscv64@0.25.12
326 silly packumentCache full:https://registry.npmjs.org/@esbuild%2flinux-riscv64 cache-miss
327 http fetch GET 200 https://registry.npmjs.org/@esbuild%2fwin32-x64 176ms (cache miss)
328 silly packumentCache full:https://registry.npmjs.org/@esbuild%2fwin32-x64 set size:undefined disposed:false
329 silly fetch manifest @esbuild/openbsd-arm64@0.25.12
330 silly packumentCache full:https://registry.npmjs.org/@esbuild%2fopenbsd-arm64 cache-miss
331 http fetch GET 200 https://registry.npmjs.org/@esbuild%2fdarwin-x64 179ms (cache miss)
332 silly packumentCache full:https://registry.npmjs.org/@esbuild%2fdarwin-x64 set size:undefined disposed:false
333 silly fetch manifest @esbuild/linux-mips64el@0.25.12
334 silly packumentCache full:https://registry.npmjs.org/@esbuild%2flinux-mips64el cache-miss
335 http fetch GET 200 https://registry.npmjs.org/@esbuild%2flinux-ppc64 189ms (cache miss)
336 silly packumentCache full:https://registry.npmjs.org/@esbuild%2flinux-ppc64 set size:undefined disposed:false
337 silly fetch manifest @esbuild/openharmony-arm64@0.25.12
338 silly packumentCache full:https://registry.npmjs.org/@esbuild%2fopenharmony-arm64 cache-miss
339 http fetch GET 200 https://registry.npmjs.org/@esbuild%2flinux-arm64 193ms (cache miss)
340 silly packumentCache full:https://registry.npmjs.org/@esbuild%2flinux-arm64 set size:undefined disposed:false
341 silly fetch manifest nanoid@^3.3.11
342 silly packumentCache full:https://registry.npmjs.org/nanoid cache-miss
343 http fetch GET 200 https://registry.npmjs.org/@esbuild%2fandroid-arm 201ms (cache miss)
344 silly packumentCache full:https://registry.npmjs.org/@esbuild%2fandroid-arm set size:undefined disposed:false
345 silly fetch manifest picocolors@^1.1.1
346 silly packumentCache full:https://registry.npmjs.org/picocolors cache-miss
347 http fetch GET 200 https://registry.npmjs.org/@esbuild%2fopenbsd-x64 107ms (cache miss)
348 silly packumentCache full:https://registry.npmjs.org/@esbuild%2fopenbsd-x64 set size:undefined disposed:false
349 silly fetch manifest source-map-js@^1.2.1
350 silly packumentCache full:https://registry.npmjs.org/source-map-js cache-miss
351 http fetch GET 200 https://registry.npmjs.org/@esbuild%2fnetbsd-arm64 129ms (cache miss)
352 silly packumentCache full:https://registry.npmjs.org/@esbuild%2fnetbsd-arm64 set size:undefined disposed:false
353 silly fetch manifest @types/estree@1.0.8
354 silly packumentCache full:https://registry.npmjs.org/@types%2festree cache-miss
355 http fetch GET 200 https://registry.npmjs.org/@esbuild%2fwin32-arm64 140ms (cache miss)
356 silly packumentCache full:https://registry.npmjs.org/@esbuild%2fwin32-arm64 set size:undefined disposed:false
357 silly fetch manifest @rollup/rollup-darwin-arm64@4.60.2
358 silly packumentCache full:https://registry.npmjs.org/@rollup%2frollup-darwin-arm64 cache-miss
359 http fetch GET 200 https://registry.npmjs.org/@esbuild%2fdarwin-arm64 144ms (cache miss)
360 silly packumentCache full:https://registry.npmjs.org/@esbuild%2fdarwin-arm64 set size:undefined disposed:false
361 silly fetch manifest @rollup/rollup-android-arm64@4.60.2
362 silly packumentCache full:https://registry.npmjs.org/@rollup%2frollup-android-arm64 cache-miss
363 http fetch GET 200 https://registry.npmjs.org/@esbuild%2fandroid-arm64 127ms (cache miss)
364 silly packumentCache full:https://registry.npmjs.org/@esbuild%2fandroid-arm64 set size:undefined disposed:false
365 silly fetch manifest @rollup/rollup-win32-arm64-msvc@4.60.2
366 silly packumentCache full:https://registry.npmjs.org/@rollup%2frollup-win32-arm64-msvc cache-miss
367 http fetch GET 200 https://registry.npmjs.org/@esbuild%2ffreebsd-arm64 136ms (cache miss)
368 silly packumentCache full:https://registry.npmjs.org/@esbuild%2ffreebsd-arm64 set size:undefined disposed:false
369 silly fetch manifest @rollup/rollup-freebsd-arm64@4.60.2
370 silly packumentCache full:https://registry.npmjs.org/@rollup%2frollup-freebsd-arm64 cache-miss
371 http fetch GET 200 https://registry.npmjs.org/@esbuild%2flinux-s390x 299ms (cache miss)
372 silly packumentCache full:https://registry.npmjs.org/@esbuild%2flinux-s390x set size:undefined disposed:false
373 silly fetch manifest @rollup/rollup-linux-arm64-gnu@4.60.2
374 silly packumentCache full:https://registry.npmjs.org/@rollup%2frollup-linux-arm64-gnu cache-miss
375 http fetch GET 200 https://registry.npmjs.org/@esbuild%2flinux-loong64 140ms (cache miss)
376 silly packumentCache full:https://registry.npmjs.org/@esbuild%2flinux-loong64 set size:undefined disposed:false
377 silly fetch manifest @rollup/rollup-linux-arm64-musl@4.60.2
378 silly packumentCache full:https://registry.npmjs.org/@rollup%2frollup-linux-arm64-musl cache-miss
379 http fetch GET 200 https://registry.npmjs.org/@esbuild%2ffreebsd-x64 307ms (cache miss)
380 silly packumentCache full:https://registry.npmjs.org/@esbuild%2ffreebsd-x64 set size:undefined disposed:false
381 silly fetch manifest @rollup/rollup-android-arm-eabi@4.60.2
382 silly packumentCache full:https://registry.npmjs.org/@rollup%2frollup-android-arm-eabi cache-miss
383 http fetch GET 200 https://registry.npmjs.org/picocolors 107ms (cache miss)
384 silly packumentCache full:https://registry.npmjs.org/picocolors set size:undefined disposed:false
385 silly fetch manifest @rollup/rollup-linux-arm-gnueabihf@4.60.2
386 silly packumentCache full:https://registry.npmjs.org/@rollup%2frollup-linux-arm-gnueabihf cache-miss
387 http fetch GET 200 https://registry.npmjs.org/source-map-js 100ms (cache miss)
388 silly packumentCache full:https://registry.npmjs.org/source-map-js set size:undefined disposed:false
389 silly fetch manifest @rollup/rollup-linux-arm-musleabihf@4.60.2
390 silly packumentCache full:https://registry.npmjs.org/@rollup%2frollup-linux-arm-musleabihf cache-miss
391 http fetch GET 200 https://registry.npmjs.org/@esbuild%2flinux-riscv64 146ms (cache miss)
392 silly packumentCache full:https://registry.npmjs.org/@esbuild%2flinux-riscv64 set size:undefined disposed:false
393 silly fetch manifest @rollup/rollup-win32-ia32-msvc@4.60.2
394 silly packumentCache full:https://registry.npmjs.org/@rollup%2frollup-win32-ia32-msvc cache-miss
395 http fetch GET 200 https://registry.npmjs.org/@esbuild%2flinux-mips64el 138ms (cache miss)
396 silly packumentCache full:https://registry.npmjs.org/@esbuild%2flinux-mips64el set size:undefined disposed:false
397 silly fetch manifest @rollup/rollup-linux-loong64-gnu@4.60.2
398 silly packumentCache full:https://registry.npmjs.org/@rollup%2frollup-linux-loong64-gnu cache-miss
399 http fetch GET 200 https://registry.npmjs.org/nanoid 130ms (cache miss)
400 silly packumentCache full:https://registry.npmjs.org/nanoid set size:undefined disposed:false
401 silly fetch manifest @rollup/rollup-linux-loong64-musl@4.60.2
402 silly packumentCache full:https://registry.npmjs.org/@rollup%2frollup-linux-loong64-musl cache-miss
403 http fetch GET 200 https://registry.npmjs.org/@esbuild%2fopenbsd-arm64 152ms (cache miss)
404 silly packumentCache full:https://registry.npmjs.org/@esbuild%2fopenbsd-arm64 set size:undefined disposed:false
405 silly fetch manifest @rollup/rollup-linux-riscv64-gnu@4.60.2
406 silly packumentCache full:https://registry.npmjs.org/@rollup%2frollup-linux-riscv64-gnu cache-miss
407 http fetch GET 200 https://registry.npmjs.org/@esbuild%2fopenharmony-arm64 139ms (cache miss)
408 silly packumentCache full:https://registry.npmjs.org/@esbuild%2fopenharmony-arm64 set size:undefined disposed:false
409 silly fetch manifest @rollup/rollup-linux-riscv64-musl@4.60.2
410 silly packumentCache full:https://registry.npmjs.org/@rollup%2frollup-linux-riscv64-musl cache-miss
411 http fetch GET 200 https://registry.npmjs.org/@types%2festree 95ms (cache miss)
412 silly packumentCache full:https://registry.npmjs.org/@types%2festree set size:undefined disposed:false
413 silly fetch manifest @rollup/rollup-linux-ppc64-gnu@4.60.2
414 silly packumentCache full:https://registry.npmjs.org/@rollup%2frollup-linux-ppc64-gnu cache-miss
415 http fetch GET 200 https://registry.npmjs.org/@rollup%2frollup-android-arm64 110ms (cache miss)
416 silly packumentCache full:https://registry.npmjs.org/@rollup%2frollup-android-arm64 set size:undefined disposed:false
417 silly fetch manifest @rollup/rollup-linux-ppc64-musl@4.60.2
418 silly packumentCache full:https://registry.npmjs.org/@rollup%2frollup-linux-ppc64-musl cache-miss
419 http fetch GET 200 https://registry.npmjs.org/@rollup%2frollup-darwin-arm64 130ms (cache miss)
420 silly packumentCache full:https://registry.npmjs.org/@rollup%2frollup-darwin-arm64 set size:undefined disposed:false
421 silly fetch manifest @rollup/rollup-linux-s390x-gnu@4.60.2
422 silly packumentCache full:https://registry.npmjs.org/@rollup%2frollup-linux-s390x-gnu cache-miss
423 http fetch GET 200 https://registry.npmjs.org/@rollup%2frollup-win32-arm64-msvc 135ms (cache miss)
424 silly packumentCache full:https://registry.npmjs.org/@rollup%2frollup-win32-arm64-msvc set size:undefined disposed:false
425 silly fetch manifest @rollup/rollup-darwin-x64@4.60.2
426 silly packumentCache full:https://registry.npmjs.org/@rollup%2frollup-darwin-x64 cache-miss
427 http fetch GET 200 https://registry.npmjs.org/@rollup%2frollup-freebsd-arm64 127ms (cache miss)
428 silly packumentCache full:https://registry.npmjs.org/@rollup%2frollup-freebsd-arm64 set size:undefined disposed:false
429 silly fetch manifest @rollup/rollup-win32-x64-gnu@4.60.2
430 silly packumentCache full:https://registry.npmjs.org/@rollup%2frollup-win32-x64-gnu cache-miss
431 http fetch GET 200 https://registry.npmjs.org/@rollup%2frollup-linux-arm64-gnu 128ms (cache miss)
432 silly packumentCache full:https://registry.npmjs.org/@rollup%2frollup-linux-arm64-gnu set size:undefined disposed:false
433 silly fetch manifest @rollup/rollup-win32-x64-msvc@4.60.2
434 silly packumentCache full:https://registry.npmjs.org/@rollup%2frollup-win32-x64-msvc cache-miss
435 http fetch GET 200 https://registry.npmjs.org/@rollup%2frollup-linux-arm64-musl 134ms (cache miss)
436 silly packumentCache full:https://registry.npmjs.org/@rollup%2frollup-linux-arm64-musl set size:undefined disposed:false
437 silly fetch manifest @rollup/rollup-freebsd-x64@4.60.2
438 silly packumentCache full:https://registry.npmjs.org/@rollup%2frollup-freebsd-x64 cache-miss
439 http fetch GET 200 https://registry.npmjs.org/@rollup%2frollup-linux-loong64-gnu 124ms (cache miss)
440 silly packumentCache full:https://registry.npmjs.org/@rollup%2frollup-linux-loong64-gnu set size:undefined disposed:false
441 silly fetch manifest @rollup/rollup-linux-x64-gnu@4.60.2
442 silly packumentCache full:https://registry.npmjs.org/@rollup%2frollup-linux-x64-gnu cache-miss
443 http fetch GET 200 https://registry.npmjs.org/@rollup%2frollup-linux-arm-musleabihf 131ms (cache miss)
444 silly packumentCache full:https://registry.npmjs.org/@rollup%2frollup-linux-arm-musleabihf set size:undefined disposed:false
445 silly fetch manifest @rollup/rollup-linux-x64-musl@4.60.2
446 silly packumentCache full:https://registry.npmjs.org/@rollup%2frollup-linux-x64-musl cache-miss
447 http fetch GET 200 https://registry.npmjs.org/@rollup%2frollup-android-arm-eabi 143ms (cache miss)
448 silly packumentCache full:https://registry.npmjs.org/@rollup%2frollup-android-arm-eabi set size:undefined disposed:false
449 silly fetch manifest @rollup/rollup-openbsd-x64@4.60.2
450 silly packumentCache full:https://registry.npmjs.org/@rollup%2frollup-openbsd-x64 cache-miss
451 http fetch GET 200 https://registry.npmjs.org/@rollup%2frollup-linux-arm-gnueabihf 142ms (cache miss)
452 silly packumentCache full:https://registry.npmjs.org/@rollup%2frollup-linux-arm-gnueabihf set size:undefined disposed:false
453 silly fetch manifest @rollup/rollup-openharmony-arm64@4.60.2
454 silly packumentCache full:https://registry.npmjs.org/@rollup%2frollup-openharmony-arm64 cache-miss
455 http fetch GET 200 https://registry.npmjs.org/@rollup%2frollup-linux-loong64-musl 135ms (cache miss)
456 silly packumentCache full:https://registry.npmjs.org/@rollup%2frollup-linux-loong64-musl set size:undefined disposed:false
457 http fetch GET 200 https://registry.npmjs.org/@rollup%2frollup-linux-riscv64-musl 132ms (cache miss)
458 silly packumentCache full:https://registry.npmjs.org/@rollup%2frollup-linux-riscv64-musl set size:undefined disposed:false
459 http fetch GET 200 https://registry.npmjs.org/@rollup%2frollup-win32-ia32-msvc 148ms (cache miss)
460 silly packumentCache full:https://registry.npmjs.org/@rollup%2frollup-win32-ia32-msvc set size:undefined disposed:false
461 http fetch GET 200 https://registry.npmjs.org/@rollup%2frollup-linux-riscv64-gnu 144ms (cache miss)
462 silly packumentCache full:https://registry.npmjs.org/@rollup%2frollup-linux-riscv64-gnu set size:undefined disposed:false
463 http fetch GET 200 https://registry.npmjs.org/@rollup%2frollup-linux-ppc64-gnu 109ms (cache miss)
464 silly packumentCache full:https://registry.npmjs.org/@rollup%2frollup-linux-ppc64-gnu set size:undefined disposed:false
465 http fetch GET 200 https://registry.npmjs.org/@rollup%2frollup-linux-ppc64-musl 101ms (cache miss)
466 silly packumentCache full:https://registry.npmjs.org/@rollup%2frollup-linux-ppc64-musl set size:undefined disposed:false
467 http fetch GET 200 https://registry.npmjs.org/@rollup%2frollup-linux-s390x-gnu 106ms (cache miss)
468 silly packumentCache full:https://registry.npmjs.org/@rollup%2frollup-linux-s390x-gnu set size:undefined disposed:false
469 http fetch GET 200 https://registry.npmjs.org/@rollup%2frollup-win32-x64-gnu 110ms (cache miss)
470 silly packumentCache full:https://registry.npmjs.org/@rollup%2frollup-win32-x64-gnu set size:undefined disposed:false
471 http fetch GET 200 https://registry.npmjs.org/@rollup%2frollup-darwin-x64 125ms (cache miss)
472 silly packumentCache full:https://registry.npmjs.org/@rollup%2frollup-darwin-x64 set size:undefined disposed:false
473 http fetch GET 200 https://registry.npmjs.org/@rollup%2frollup-freebsd-x64 114ms (cache miss)
474 silly packumentCache full:https://registry.npmjs.org/@rollup%2frollup-freebsd-x64 set size:undefined disposed:false
475 http fetch GET 200 https://registry.npmjs.org/@rollup%2frollup-win32-x64-msvc 127ms (cache miss)
476 silly packumentCache full:https://registry.npmjs.org/@rollup%2frollup-win32-x64-msvc set size:undefined disposed:false
477 http fetch GET 200 https://registry.npmjs.org/@rollup%2frollup-openharmony-arm64 113ms (cache miss)
478 silly packumentCache full:https://registry.npmjs.org/@rollup%2frollup-openharmony-arm64 set size:undefined disposed:false
479 http fetch GET 200 https://registry.npmjs.org/@rollup%2frollup-linux-x64-gnu 133ms (cache miss)
480 silly packumentCache full:https://registry.npmjs.org/@rollup%2frollup-linux-x64-gnu set size:undefined disposed:false
481 http fetch GET 200 https://registry.npmjs.org/@rollup%2frollup-openbsd-x64 126ms (cache miss)
482 silly packumentCache full:https://registry.npmjs.org/@rollup%2frollup-openbsd-x64 set size:undefined disposed:false
483 http fetch GET 200 https://registry.npmjs.org/@rollup%2frollup-linux-x64-musl 140ms (cache miss)
484 silly packumentCache full:https://registry.npmjs.org/@rollup%2frollup-linux-x64-musl set size:undefined disposed:false
485 silly placeDep ROOT @esbuild/aix-ppc64@0.25.12 OK for: esbuild@0.25.12 want: 0.25.12
486 silly placeDep ROOT @esbuild/android-arm@0.25.12 OK for: esbuild@0.25.12 want: 0.25.12
487 silly placeDep ROOT @esbuild/android-arm64@0.25.12 OK for: esbuild@0.25.12 want: 0.25.12
488 silly placeDep ROOT @esbuild/android-x64@0.25.12 OK for: esbuild@0.25.12 want: 0.25.12
489 silly placeDep ROOT @esbuild/darwin-arm64@0.25.12 OK for: esbuild@0.25.12 want: 0.25.12
490 silly placeDep ROOT @esbuild/darwin-x64@0.25.12 OK for: esbuild@0.25.12 want: 0.25.12
491 silly placeDep ROOT @esbuild/freebsd-arm64@0.25.12 OK for: esbuild@0.25.12 want: 0.25.12
492 silly placeDep ROOT @esbuild/freebsd-x64@0.25.12 OK for: esbuild@0.25.12 want: 0.25.12
493 silly placeDep ROOT @esbuild/linux-arm@0.25.12 OK for: esbuild@0.25.12 want: 0.25.12
494 silly placeDep ROOT @esbuild/linux-arm64@0.25.12 OK for: esbuild@0.25.12 want: 0.25.12
495 silly placeDep ROOT @esbuild/linux-ia32@0.25.12 OK for: esbuild@0.25.12 want: 0.25.12
496 silly placeDep ROOT @esbuild/linux-loong64@0.25.12 OK for: esbuild@0.25.12 want: 0.25.12
497 silly placeDep ROOT @esbuild/linux-mips64el@0.25.12 OK for: esbuild@0.25.12 want: 0.25.12
498 silly placeDep ROOT @esbuild/linux-ppc64@0.25.12 OK for: esbuild@0.25.12 want: 0.25.12
499 silly placeDep ROOT @esbuild/linux-riscv64@0.25.12 OK for: esbuild@0.25.12 want: 0.25.12
500 silly placeDep ROOT @esbuild/linux-s390x@0.25.12 OK for: esbuild@0.25.12 want: 0.25.12
501 silly placeDep ROOT @esbuild/linux-x64@0.25.12 OK for: esbuild@0.25.12 want: 0.25.12
502 silly placeDep ROOT @esbuild/netbsd-arm64@0.25.12 OK for: esbuild@0.25.12 want: 0.25.12
503 silly placeDep ROOT @esbuild/netbsd-x64@0.25.12 OK for: esbuild@0.25.12 want: 0.25.12
504 silly placeDep ROOT @esbuild/openbsd-arm64@0.25.12 OK for: esbuild@0.25.12 want: 0.25.12
505 silly placeDep ROOT @esbuild/openbsd-x64@0.25.12 OK for: esbuild@0.25.12 want: 0.25.12
506 silly placeDep ROOT @esbuild/openharmony-arm64@0.25.12 OK for: esbuild@0.25.12 want: 0.25.12
507 silly placeDep ROOT @esbuild/sunos-x64@0.25.12 OK for: esbuild@0.25.12 want: 0.25.12
508 silly placeDep ROOT @esbuild/win32-arm64@0.25.12 OK for: esbuild@0.25.12 want: 0.25.12
509 silly placeDep ROOT @esbuild/win32-ia32@0.25.12 OK for: esbuild@0.25.12 want: 0.25.12
510 silly placeDep ROOT @esbuild/win32-x64@0.25.12 OK for: esbuild@0.25.12 want: 0.25.12
511 silly placeDep ROOT nanoid@3.3.12 OK for: postcss@8.5.13 want: ^3.3.11
512 silly placeDep ROOT picocolors@1.1.1 OK for: postcss@8.5.13 want: ^1.1.1
513 silly placeDep ROOT source-map-js@1.2.1 OK for: postcss@8.5.13 want: ^1.2.1
514 silly placeDep ROOT @rollup/rollup-android-arm-eabi@4.60.2 OK for: rollup@4.60.2 want: 4.60.2
515 silly placeDep ROOT @rollup/rollup-android-arm64@4.60.2 OK for: rollup@4.60.2 want: 4.60.2
516 silly placeDep ROOT @rollup/rollup-darwin-arm64@4.60.2 OK for: rollup@4.60.2 want: 4.60.2
517 silly placeDep ROOT @rollup/rollup-darwin-x64@4.60.2 OK for: rollup@4.60.2 want: 4.60.2
518 silly placeDep ROOT @rollup/rollup-freebsd-arm64@4.60.2 OK for: rollup@4.60.2 want: 4.60.2
519 silly placeDep ROOT @rollup/rollup-freebsd-x64@4.60.2 OK for: rollup@4.60.2 want: 4.60.2
520 silly placeDep ROOT @rollup/rollup-linux-arm-gnueabihf@4.60.2 OK for: rollup@4.60.2 want: 4.60.2
521 silly placeDep ROOT @rollup/rollup-linux-arm-musleabihf@4.60.2 OK for: rollup@4.60.2 want: 4.60.2
522 silly placeDep ROOT @rollup/rollup-linux-arm64-gnu@4.60.2 OK for: rollup@4.60.2 want: 4.60.2
523 silly placeDep ROOT @rollup/rollup-linux-arm64-musl@4.60.2 OK for: rollup@4.60.2 want: 4.60.2
524 silly placeDep ROOT @rollup/rollup-linux-loong64-gnu@4.60.2 OK for: rollup@4.60.2 want: 4.60.2
525 silly placeDep ROOT @rollup/rollup-linux-loong64-musl@4.60.2 OK for: rollup@4.60.2 want: 4.60.2
526 silly placeDep ROOT @rollup/rollup-linux-ppc64-gnu@4.60.2 OK for: rollup@4.60.2 want: 4.60.2
527 silly placeDep ROOT @rollup/rollup-linux-ppc64-musl@4.60.2 OK for: rollup@4.60.2 want: 4.60.2
528 silly placeDep ROOT @rollup/rollup-linux-riscv64-gnu@4.60.2 OK for: rollup@4.60.2 want: 4.60.2
529 silly placeDep ROOT @rollup/rollup-linux-riscv64-musl@4.60.2 OK for: rollup@4.60.2 want: 4.60.2
530 silly placeDep ROOT @rollup/rollup-linux-s390x-gnu@4.60.2 OK for: rollup@4.60.2 want: 4.60.2
531 silly placeDep ROOT @rollup/rollup-linux-x64-gnu@4.60.2 OK for: rollup@4.60.2 want: 4.60.2
532 silly placeDep ROOT @rollup/rollup-linux-x64-musl@4.60.2 OK for: rollup@4.60.2 want: 4.60.2
533 silly placeDep ROOT @rollup/rollup-openbsd-x64@4.60.2 OK for: rollup@4.60.2 want: 4.60.2
534 silly placeDep ROOT @rollup/rollup-openharmony-arm64@4.60.2 OK for: rollup@4.60.2 want: 4.60.2
535 silly placeDep ROOT @rollup/rollup-win32-arm64-msvc@4.60.2 OK for: rollup@4.60.2 want: 4.60.2
536 silly placeDep ROOT @rollup/rollup-win32-ia32-msvc@4.60.2 OK for: rollup@4.60.2 want: 4.60.2
537 silly placeDep ROOT @rollup/rollup-win32-x64-gnu@4.60.2 OK for: rollup@4.60.2 want: 4.60.2
538 silly placeDep ROOT @rollup/rollup-win32-x64-msvc@4.60.2 OK for: rollup@4.60.2 want: 4.60.2
539 silly placeDep ROOT @types/estree@1.0.8 OK for: rollup@4.60.2 want: 1.0.8
540 silly fetch manifest vue@3.5.33
541 silly packumentCache full:https://registry.npmjs.org/vue cache-miss
542 http cache https://registry.npmjs.org/vue 8ms (cache hit)
543 silly packumentCache full:https://registry.npmjs.org/vue set size:2029368 disposed:false
544 silly placeDep ROOT @vue/compiler-dom@3.5.33 OK for: vue@3.5.33 want: 3.5.33
545 silly placeDep ROOT @vue/compiler-sfc@3.5.33 OK for: vue@3.5.33 want: 3.5.33
546 silly placeDep ROOT @vue/runtime-dom@3.5.33 OK for: vue@3.5.33 want: 3.5.33
547 silly placeDep ROOT @vue/server-renderer@3.5.33 OK for: vue@3.5.33 want: 3.5.33
548 silly placeDep ROOT @vue/shared@3.5.33 OK for: vue@3.5.33 want: 3.5.33
549 silly fetch manifest @vue/compiler-core@3.5.33
550 silly packumentCache full:https://registry.npmjs.org/@vue%2fcompiler-core cache-miss
551 silly fetch manifest @babel/parser@^7.29.2
552 silly packumentCache full:https://registry.npmjs.org/@babel%2fparser cache-miss
553 silly fetch manifest estree-walker@^2.0.2
554 silly packumentCache full:https://registry.npmjs.org/estree-walker cache-miss
555 silly fetch manifest magic-string@^0.30.21
556 silly packumentCache full:https://registry.npmjs.org/magic-string cache-miss
557 silly fetch manifest @vue/compiler-core@3.5.33
558 silly packumentCache full:https://registry.npmjs.org/@vue%2fcompiler-core cache-miss
559 silly fetch manifest @vue/compiler-ssr@3.5.33
560 silly packumentCache full:https://registry.npmjs.org/@vue%2fcompiler-ssr cache-miss
561 silly fetch manifest csstype@^3.2.3
562 silly packumentCache full:https://registry.npmjs.org/csstype cache-miss
563 silly fetch manifest @vue/runtime-core@3.5.33
564 silly packumentCache full:https://registry.npmjs.org/@vue%2fruntime-core cache-miss
565 silly fetch manifest @vue/reactivity@3.5.33
566 silly packumentCache full:https://registry.npmjs.org/@vue%2freactivity cache-miss
567 silly fetch manifest @vue/compiler-ssr@3.5.33
568 silly packumentCache full:https://registry.npmjs.org/@vue%2fcompiler-ssr cache-miss
569 http fetch GET 200 https://registry.npmjs.org/estree-walker 92ms (cache miss)
570 silly packumentCache full:https://registry.npmjs.org/estree-walker set size:undefined disposed:false
571 http fetch GET 200 https://registry.npmjs.org/csstype 105ms (cache miss)
572 silly packumentCache full:https://registry.npmjs.org/csstype set size:undefined disposed:false
573 http fetch GET 200 https://registry.npmjs.org/magic-string 118ms (cache miss)
574 silly packumentCache full:https://registry.npmjs.org/magic-string set size:undefined disposed:false
575 http fetch GET 200 https://registry.npmjs.org/@vue%2fcompiler-core 135ms (cache miss)
576 silly packumentCache full:https://registry.npmjs.org/@vue%2fcompiler-core set size:undefined disposed:false
577 http fetch GET 200 https://registry.npmjs.org/@vue%2fcompiler-core 150ms (cache miss)
578 silly packumentCache full:https://registry.npmjs.org/@vue%2fcompiler-core set size:undefined disposed:false
579 http fetch GET 200 https://registry.npmjs.org/@vue%2freactivity 231ms (cache miss)
580 silly packumentCache full:https://registry.npmjs.org/@vue%2freactivity set size:undefined disposed:false
581 http fetch GET 200 https://registry.npmjs.org/@vue%2fcompiler-ssr 252ms (cache miss)
582 silly packumentCache full:https://registry.npmjs.org/@vue%2fcompiler-ssr set size:undefined disposed:false
583 http fetch GET 200 https://registry.npmjs.org/@vue%2fcompiler-ssr 267ms (cache miss)
584 silly packumentCache full:https://registry.npmjs.org/@vue%2fcompiler-ssr set size:undefined disposed:false
585 http fetch GET 200 https://registry.npmjs.org/@vue%2fruntime-core 273ms (cache miss)
586 silly packumentCache full:https://registry.npmjs.org/@vue%2fruntime-core set size:undefined disposed:false
587 http fetch GET 200 https://registry.npmjs.org/@babel%2fparser 277ms (cache miss)
588 silly packumentCache full:https://registry.npmjs.org/@babel%2fparser set size:undefined disposed:false
589 silly placeDep ROOT @vue/compiler-core@3.5.33 OK for: @vue/compiler-dom@3.5.33 want: 3.5.33
590 silly fetch manifest entities@^7.0.1
591 silly packumentCache full:https://registry.npmjs.org/entities cache-miss
592 http fetch GET 200 https://registry.npmjs.org/entities 95ms (cache miss)
593 silly packumentCache full:https://registry.npmjs.org/entities set size:undefined disposed:false
594 silly placeDep ROOT @babel/parser@7.29.3 OK for: @vue/compiler-core@3.5.33 want: ^7.29.2
595 silly placeDep ROOT entities@7.0.1 OK for: @vue/compiler-core@3.5.33 want: ^7.0.1
596 silly placeDep ROOT estree-walker@2.0.2 OK for: @vue/compiler-core@3.5.33 want: ^2.0.2
597 silly fetch manifest @babel/types@^7.29.0
598 silly packumentCache full:https://registry.npmjs.org/@babel%2ftypes cache-miss
599 http fetch GET 200 https://registry.npmjs.org/@babel%2ftypes 137ms (cache miss)
600 silly packumentCache full:https://registry.npmjs.org/@babel%2ftypes set size:undefined disposed:false
601 silly placeDep ROOT @babel/types@7.29.0 OK for: @babel/parser@7.29.3 want: ^7.29.0
602 silly fetch manifest @babel/helper-string-parser@^7.27.1
603 silly packumentCache full:https://registry.npmjs.org/@babel%2fhelper-string-parser cache-miss
604 silly fetch manifest @babel/helper-validator-identifier@^7.28.5
605 silly packumentCache full:https://registry.npmjs.org/@babel%2fhelper-validator-identifier cache-miss
606 http fetch GET 200 https://registry.npmjs.org/@babel%2fhelper-string-parser 103ms (cache miss)
607 silly packumentCache full:https://registry.npmjs.org/@babel%2fhelper-string-parser set size:undefined disposed:false
608 http fetch GET 200 https://registry.npmjs.org/@babel%2fhelper-validator-identifier 113ms (cache miss)
609 silly packumentCache full:https://registry.npmjs.org/@babel%2fhelper-validator-identifier set size:undefined disposed:false
610 silly placeDep ROOT @babel/helper-string-parser@7.27.1 OK for: @babel/types@7.29.0 want: ^7.27.1
611 silly placeDep ROOT @babel/helper-validator-identifier@7.28.5 OK for: @babel/types@7.29.0 want: ^7.28.5
612 silly placeDep ROOT @vue/compiler-ssr@3.5.33 OK for: @vue/compiler-sfc@3.5.33 want: 3.5.33
613 silly placeDep ROOT magic-string@0.30.21 OK for: @vue/compiler-sfc@3.5.33 want: ^0.30.21
614 silly fetch manifest @jridgewell/sourcemap-codec@^1.5.5
615 silly packumentCache full:https://registry.npmjs.org/@jridgewell%2fsourcemap-codec cache-miss
616 http fetch GET 200 https://registry.npmjs.org/@jridgewell%2fsourcemap-codec 104ms (cache miss)
617 silly packumentCache full:https://registry.npmjs.org/@jridgewell%2fsourcemap-codec set size:undefined disposed:false
618 silly placeDep ROOT @vue/reactivity@3.5.33 OK for: @vue/runtime-dom@3.5.33 want: 3.5.33
619 silly placeDep ROOT @vue/runtime-core@3.5.33 OK for: @vue/runtime-dom@3.5.33 want: 3.5.33
620 silly placeDep ROOT csstype@3.2.3 OK for: @vue/runtime-dom@3.5.33 want: ^3.2.3
621 silly placeDep ROOT @jridgewell/sourcemap-codec@1.5.5 OK for: magic-string@0.30.21 want: ^1.5.5
622 silly placeDep ROOT @vue/devtools-api@6.6.4 OK for: vue-router@4.6.4 want: ^6.6.4
623 silly reify moves {}
624 silly audit bulk request {
624 silly audit   '@vitejs/plugin-vue': [ '5.2.4' ],
624 silly audit   vue: [ '3.5.33' ],
624 silly audit   vite: [ '6.4.2' ],
624 silly audit   axios: [ '1.16.0' ],
624 silly audit   'vue-router': [ '4.6.4' ],
624 silly audit   'follow-redirects': [ '1.16.0' ],
624 silly audit   'form-data': [ '4.0.5' ],
624 silly audit   'proxy-from-env': [ '2.1.0' ],
624 silly audit   asynckit: [ '0.4.0' ],
624 silly audit   'combined-stream': [ '1.0.8' ],
624 silly audit   'es-set-tostringtag': [ '2.1.0' ],
624 silly audit   hasown: [ '2.0.3' ],
624 silly audit   'mime-types': [ '2.1.35' ],
624 silly audit   'delayed-stream': [ '1.0.0' ],
624 silly audit   'es-errors': [ '1.3.0' ],
624 silly audit   'get-intrinsic': [ '1.3.0' ],
624 silly audit   'has-tostringtag': [ '1.0.2' ],
624 silly audit   'call-bind-apply-helpers': [ '1.0.2' ],
624 silly audit   'es-define-property': [ '1.0.1' ],
624 silly audit   'es-object-atoms': [ '1.1.1' ],
624 silly audit   'function-bind': [ '1.1.2' ],
624 silly audit   'get-proto': [ '1.0.1' ],
624 silly audit   gopd: [ '1.2.0' ],
624 silly audit   'has-symbols': [ '1.1.0' ],
624 silly audit   'math-intrinsics': [ '1.1.0' ],
624 silly audit   'dunder-proto': [ '1.0.1' ],
624 silly audit   'mime-db': [ '1.52.0' ],
624 silly audit   esbuild: [ '0.25.12' ],
624 silly audit   fdir: [ '6.5.0' ],
624 silly audit   fsevents: [ '2.3.3' ],
624 silly audit   picomatch: [ '4.0.4' ],
624 silly audit   postcss: [ '8.5.13' ],
624 silly audit   rollup: [ '4.60.2' ],
624 silly audit   tinyglobby: [ '0.2.16' ],
624 silly audit   '@esbuild/aix-ppc64': [ '0.25.12' ],
624 silly audit   '@esbuild/android-arm': [ '0.25.12' ],
624 silly audit   '@esbuild/android-arm64': [ '0.25.12' ],
624 silly audit   '@esbuild/android-x64': [ '0.25.12' ],
624 silly audit   '@esbuild/darwin-arm64': [ '0.25.12' ],
624 silly audit   '@esbuild/darwin-x64': [ '0.25.12' ],
624 silly audit   '@esbuild/freebsd-arm64': [ '0.25.12' ],
624 silly audit   '@esbuild/freebsd-x64': [ '0.25.12' ],
624 silly audit   '@esbuild/linux-arm': [ '0.25.12' ],
624 silly audit   '@esbuild/linux-arm64': [ '0.25.12' ],
624 silly audit   '@esbuild/linux-ia32': [ '0.25.12' ],
624 silly audit   '@esbuild/linux-loong64': [ '0.25.12' ],
624 silly audit   '@esbuild/linux-mips64el': [ '0.25.12' ],
624 silly audit   '@esbuild/linux-ppc64': [ '0.25.12' ],
624 silly audit   '@esbuild/linux-riscv64': [ '0.25.12' ],
624 silly audit   '@esbuild/linux-s390x': [ '0.25.12' ],
624 silly audit   '@esbuild/linux-x64': [ '0.25.12' ],
624 silly audit   '@esbuild/netbsd-arm64': [ '0.25.12' ],
624 silly audit   '@esbuild/netbsd-x64': [ '0.25.12' ],
624 silly audit   '@esbuild/openbsd-arm64': [ '0.25.12' ],
624 silly audit   '@esbuild/openbsd-x64': [ '0.25.12' ],
624 silly audit   '@esbuild/openharmony-arm64': [ '0.25.12' ],
624 silly audit   '@esbuild/sunos-x64': [ '0.25.12' ],
624 silly audit   '@esbuild/win32-arm64': [ '0.25.12' ],
624 silly audit   '@esbuild/win32-ia32': [ '0.25.12' ],
624 silly audit   '@esbuild/win32-x64': [ '0.25.12' ],
624 silly audit   nanoid: [ '3.3.12' ],
624 silly audit   picocolors: [ '1.1.1' ],
624 silly audit   'source-map-js': [ '1.2.1' ],
624 silly audit   '@rollup/rollup-android-arm-eabi': [ '4.60.2' ],
624 silly audit   '@rollup/rollup-android-arm64': [ '4.60.2' ],
624 silly audit   '@rollup/rollup-darwin-arm64': [ '4.60.2' ],
624 silly audit   '@rollup/rollup-darwin-x64': [ '4.60.2' ],
624 silly audit   '@rollup/rollup-freebsd-arm64': [ '4.60.2' ],
624 silly audit   '@rollup/rollup-freebsd-x64': [ '4.60.2' ],
624 silly audit   '@rollup/rollup-linux-arm-gnueabihf': [ '4.60.2' ],
624 silly audit   '@rollup/rollup-linux-arm-musleabihf': [ '4.60.2' ],
624 silly audit   '@rollup/rollup-linux-arm64-gnu': [ '4.60.2' ],
624 silly audit   '@rollup/rollup-linux-arm64-musl': [ '4.60.2' ],
624 silly audit   '@rollup/rollup-linux-loong64-gnu': [ '4.60.2' ],
624 silly audit   '@rollup/rollup-linux-loong64-musl': [ '4.60.2' ],
624 silly audit   '@rollup/rollup-linux-ppc64-gnu': [ '4.60.2' ],
624 silly audit   '@rollup/rollup-linux-ppc64-musl': [ '4.60.2' ],
624 silly audit   '@rollup/rollup-linux-riscv64-gnu': [ '4.60.2' ],
624 silly audit   '@rollup/rollup-linux-riscv64-musl': [ '4.60.2' ],
624 silly audit   '@rollup/rollup-linux-s390x-gnu': [ '4.60.2' ],
624 silly audit   '@rollup/rollup-linux-x64-gnu': [ '4.60.2' ],
624 silly audit   '@rollup/rollup-linux-x64-musl': [ '4.60.2' ],
624 silly audit   '@rollup/rollup-openbsd-x64': [ '4.60.2' ],
624 silly audit   '@rollup/rollup-openharmony-arm64': [ '4.60.2' ],
624 silly audit   '@rollup/rollup-win32-arm64-msvc': [ '4.60.2' ],
624 silly audit   '@rollup/rollup-win32-ia32-msvc': [ '4.60.2' ],
624 silly audit   '@rollup/rollup-win32-x64-gnu': [ '4.60.2' ],
624 silly audit   '@rollup/rollup-win32-x64-msvc': [ '4.60.2' ],
624 silly audit   '@types/estree': [ '1.0.8' ],
624 silly audit   '@vue/compiler-dom': [ '3.5.33' ],
624 silly audit   '@vue/compiler-sfc': [ '3.5.33' ],
624 silly audit   '@vue/runtime-dom': [ '3.5.33' ],
624 silly audit   '@vue/server-renderer': [ '3.5.33' ],
624 silly audit   '@vue/shared': [ '3.5.33' ],
624 silly audit   '@vue/compiler-core': [ '3.5.33' ],
624 silly audit   '@babel/parser': [ '7.29.3' ],
624 silly audit   entities: [ '7.0.1' ],
624 silly audit   'estree-walker': [ '2.0.2' ],
624 silly audit   '@babel/types': [ '7.29.0' ],
624 silly audit   '@babel/helper-string-parser': [ '7.27.1' ],
624 silly audit   '@babel/helper-validator-identifier': [ '7.28.5' ],
624 silly audit   '@vue/compiler-ssr': [ '3.5.33' ],
624 silly audit   'magic-string': [ '0.30.21' ],
624 silly audit   '@vue/reactivity': [ '3.5.33' ],
624 silly audit   '@vue/runtime-core': [ '3.5.33' ],
624 silly audit   csstype: [ '3.2.3' ],
624 silly audit   '@jridgewell/sourcemap-codec': [ '1.5.5' ],
624 silly audit   '@vue/devtools-api': [ '6.6.4' ]
624 silly audit }
625 http cache @vue/devtools-api@https://registry.npmjs.org/@vue/devtools-api/-/devtools-api-6.6.4.tgz 0ms (cache hit)
626 http cache @jridgewell/sourcemap-codec@https://registry.npmjs.org/@jridgewell/sourcemap-codec/-/sourcemap-codec-1.5.5.tgz 0ms (cache hit)
627 http cache @vue/reactivity@https://registry.npmjs.org/@vue/reactivity/-/reactivity-3.5.33.tgz 0ms (cache hit)
628 http cache csstype@https://registry.npmjs.org/csstype/-/csstype-3.2.3.tgz 0ms (cache hit)
629 http cache @vue/compiler-ssr@https://registry.npmjs.org/@vue/compiler-ssr/-/compiler-ssr-3.5.33.tgz 0ms (cache hit)
630 http cache magic-string@https://registry.npmjs.org/magic-string/-/magic-string-0.30.21.tgz 0ms (cache hit)
631 http cache @babel/helper-validator-identifier@https://registry.npmjs.org/@babel/helper-validator-identifier/-/helper-validator-identifier-7.28.5.tgz 0ms (cache hit)
632 http cache @babel/helper-string-parser@https://registry.npmjs.org/@babel/helper-string-parser/-/helper-string-parser-7.27.1.tgz 0ms (cache hit)
633 http cache estree-walker@https://registry.npmjs.org/estree-walker/-/estree-walker-2.0.2.tgz 0ms (cache hit)
634 http cache @vue/runtime-core@https://registry.npmjs.org/@vue/runtime-core/-/runtime-core-3.5.33.tgz 0ms (cache hit)
635 http cache @babel/types@https://registry.npmjs.org/@babel/types/-/types-7.29.0.tgz 0ms (cache hit)
636 http cache @babel/parser@https://registry.npmjs.org/@babel/parser/-/parser-7.29.3.tgz 0ms (cache hit)
637 http cache entities@https://registry.npmjs.org/entities/-/entities-7.0.1.tgz 0ms (cache hit)
638 http cache @vue/server-renderer@https://registry.npmjs.org/@vue/server-renderer/-/server-renderer-3.5.33.tgz 0ms (cache hit)
639 http cache @vue/shared@https://registry.npmjs.org/@vue/shared/-/shared-3.5.33.tgz 0ms (cache hit)
640 http cache @vue/runtime-dom@https://registry.npmjs.org/@vue/runtime-dom/-/runtime-dom-3.5.33.tgz 0ms (cache hit)
641 http cache @vue/compiler-core@https://registry.npmjs.org/@vue/compiler-core/-/compiler-core-3.5.33.tgz 0ms (cache hit)
642 http cache @rollup/rollup-win32-x64-gnu@https://registry.npmjs.org/@rollup/rollup-win32-x64-gnu/-/rollup-win32-x64-gnu-4.60.2.tgz 0ms (cache hit)
643 http cache @vue/compiler-sfc@https://registry.npmjs.org/@vue/compiler-sfc/-/compiler-sfc-3.5.33.tgz 0ms (cache hit)
644 http cache @vue/compiler-dom@https://registry.npmjs.org/@vue/compiler-dom/-/compiler-dom-3.5.33.tgz 0ms (cache hit)
645 http cache @types/estree@https://registry.npmjs.org/@types/estree/-/estree-1.0.8.tgz 0ms (cache hit)
646 http cache source-map-js@https://registry.npmjs.org/source-map-js/-/source-map-js-1.2.1.tgz 0ms (cache hit)
647 http cache nanoid@https://registry.npmjs.org/nanoid/-/nanoid-3.3.12.tgz 0ms (cache hit)
648 http cache @esbuild/win32-x64@https://registry.npmjs.org/@esbuild/win32-x64/-/win32-x64-0.25.12.tgz 0ms (cache hit)
649 http cache @rollup/rollup-win32-x64-msvc@https://registry.npmjs.org/@rollup/rollup-win32-x64-msvc/-/rollup-win32-x64-msvc-4.60.2.tgz 0ms (cache hit)
650 http cache picocolors@https://registry.npmjs.org/picocolors/-/picocolors-1.1.1.tgz 0ms (cache hit)
651 http cache tinyglobby@https://registry.npmjs.org/tinyglobby/-/tinyglobby-0.2.16.tgz 0ms (cache hit)
652 http cache fdir@https://registry.npmjs.org/fdir/-/fdir-6.5.0.tgz 0ms (cache hit)
653 http cache rollup@https://registry.npmjs.org/rollup/-/rollup-4.60.2.tgz 0ms (cache hit)
654 http cache picomatch@https://registry.npmjs.org/picomatch/-/picomatch-4.0.4.tgz 0ms (cache hit)
655 http cache postcss@https://registry.npmjs.org/postcss/-/postcss-8.5.13.tgz 0ms (cache hit)
656 http cache esbuild@https://registry.npmjs.org/esbuild/-/esbuild-0.25.12.tgz 0ms (cache hit)
657 http cache mime-db@https://registry.npmjs.org/mime-db/-/mime-db-1.52.0.tgz 0ms (cache hit)
658 http cache math-intrinsics@https://registry.npmjs.org/math-intrinsics/-/math-intrinsics-1.1.0.tgz 0ms (cache hit)
659 http cache has-symbols@https://registry.npmjs.org/has-symbols/-/has-symbols-1.1.0.tgz 0ms (cache hit)
660 http cache dunder-proto@https://registry.npmjs.org/dunder-proto/-/dunder-proto-1.0.1.tgz 0ms (cache hit)
661 http cache get-proto@https://registry.npmjs.org/get-proto/-/get-proto-1.0.1.tgz 0ms (cache hit)
662 http cache gopd@https://registry.npmjs.org/gopd/-/gopd-1.2.0.tgz 0ms (cache hit)
663 http cache es-object-atoms@https://registry.npmjs.org/es-object-atoms/-/es-object-atoms-1.1.1.tgz 0ms (cache hit)
664 http cache es-define-property@https://registry.npmjs.org/es-define-property/-/es-define-property-1.0.1.tgz 0ms (cache hit)
665 http cache get-intrinsic@https://registry.npmjs.org/get-intrinsic/-/get-intrinsic-1.3.0.tgz 0ms (cache hit)
666 http cache has-tostringtag@https://registry.npmjs.org/has-tostringtag/-/has-tostringtag-1.0.2.tgz 0ms (cache hit)
667 http cache call-bind-apply-helpers@https://registry.npmjs.org/call-bind-apply-helpers/-/call-bind-apply-helpers-1.0.2.tgz 0ms (cache hit)
668 http cache delayed-stream@https://registry.npmjs.org/delayed-stream/-/delayed-stream-1.0.0.tgz 0ms (cache hit)
669 http cache mime-types@https://registry.npmjs.org/mime-types/-/mime-types-2.1.35.tgz 0ms (cache hit)
670 http cache es-errors@https://registry.npmjs.org/es-errors/-/es-errors-1.3.0.tgz 0ms (cache hit)
671 http cache combined-stream@https://registry.npmjs.org/combined-stream/-/combined-stream-1.0.8.tgz 0ms (cache hit)
672 http cache function-bind@https://registry.npmjs.org/function-bind/-/function-bind-1.1.2.tgz 0ms (cache hit)
673 http cache hasown@https://registry.npmjs.org/hasown/-/hasown-2.0.3.tgz 0ms (cache hit)
674 http cache es-set-tostringtag@https://registry.npmjs.org/es-set-tostringtag/-/es-set-tostringtag-2.1.0.tgz 0ms (cache hit)
675 http cache asynckit@https://registry.npmjs.org/asynckit/-/asynckit-0.4.0.tgz 0ms (cache hit)
676 http cache proxy-from-env@https://registry.npmjs.org/proxy-from-env/-/proxy-from-env-2.1.0.tgz 0ms (cache hit)
677 http cache follow-redirects@https://registry.npmjs.org/follow-redirects/-/follow-redirects-1.16.0.tgz 0ms (cache hit)
678 http cache form-data@https://registry.npmjs.org/form-data/-/form-data-4.0.5.tgz 0ms (cache hit)
679 http cache vue-router@https://registry.npmjs.org/vue-router/-/vue-router-4.6.4.tgz 0ms (cache hit)
680 http cache vite@https://registry.npmjs.org/vite/-/vite-6.4.2.tgz 0ms (cache hit)
681 silly tarball no local data for @vue/devtools-api@https://registry.npmjs.org/@vue/devtools-api/-/devtools-api-6.6.4.tgz. Extracting by manifest.
682 silly tarball no local data for @jridgewell/sourcemap-codec@https://registry.npmjs.org/@jridgewell/sourcemap-codec/-/sourcemap-codec-1.5.5.tgz. Extracting by manifest.
683 silly tarball no local data for @vue/reactivity@https://registry.npmjs.org/@vue/reactivity/-/reactivity-3.5.33.tgz. Extracting by manifest.
684 http cache @vitejs/plugin-vue@https://registry.npmjs.org/@vitejs/plugin-vue/-/plugin-vue-5.2.4.tgz 0ms (cache hit)
685 silly tarball no local data for csstype@https://registry.npmjs.org/csstype/-/csstype-3.2.3.tgz. Extracting by manifest.
686 silly tarball no local data for @vue/compiler-ssr@https://registry.npmjs.org/@vue/compiler-ssr/-/compiler-ssr-3.5.33.tgz. Extracting by manifest.
687 silly tarball no local data for magic-string@https://registry.npmjs.org/magic-string/-/magic-string-0.30.21.tgz. Extracting by manifest.
688 http cache vue@https://registry.npmjs.org/vue/-/vue-3.5.33.tgz 0ms (cache hit)
689 http cache axios@https://registry.npmjs.org/axios/-/axios-1.16.0.tgz 0ms (cache hit)
690 silly tarball no local data for @babel/helper-validator-identifier@https://registry.npmjs.org/@babel/helper-validator-identifier/-/helper-validator-identifier-7.28.5.tgz. Extracting by manifest.
691 silly tarball no local data for @babel/helper-string-parser@https://registry.npmjs.org/@babel/helper-string-parser/-/helper-string-parser-7.27.1.tgz. Extracting by manifest.
692 silly tarball no local data for estree-walker@https://registry.npmjs.org/estree-walker/-/estree-walker-2.0.2.tgz. Extracting by manifest.
693 silly tarball no local data for @vue/runtime-core@https://registry.npmjs.org/@vue/runtime-core/-/runtime-core-3.5.33.tgz. Extracting by manifest.
694 silly tarball no local data for @babel/types@https://registry.npmjs.org/@babel/types/-/types-7.29.0.tgz. Extracting by manifest.
695 silly tarball no local data for @babel/parser@https://registry.npmjs.org/@babel/parser/-/parser-7.29.3.tgz. Extracting by manifest.
696 silly tarball no local data for entities@https://registry.npmjs.org/entities/-/entities-7.0.1.tgz. Extracting by manifest.
697 silly tarball no local data for @vue/server-renderer@https://registry.npmjs.org/@vue/server-renderer/-/server-renderer-3.5.33.tgz. Extracting by manifest.
698 silly tarball no local data for @vue/shared@https://registry.npmjs.org/@vue/shared/-/shared-3.5.33.tgz. Extracting by manifest.
699 silly tarball no local data for @vue/runtime-dom@https://registry.npmjs.org/@vue/runtime-dom/-/runtime-dom-3.5.33.tgz. Extracting by manifest.
700 silly tarball no local data for @vue/compiler-core@https://registry.npmjs.org/@vue/compiler-core/-/compiler-core-3.5.33.tgz. Extracting by manifest.
701 silly tarball no local data for @rollup/rollup-win32-x64-gnu@https://registry.npmjs.org/@rollup/rollup-win32-x64-gnu/-/rollup-win32-x64-gnu-4.60.2.tgz. Extracting by manifest.
702 silly tarball no local data for @vue/compiler-sfc@https://registry.npmjs.org/@vue/compiler-sfc/-/compiler-sfc-3.5.33.tgz. Extracting by manifest.
703 silly tarball no local data for @vue/compiler-dom@https://registry.npmjs.org/@vue/compiler-dom/-/compiler-dom-3.5.33.tgz. Extracting by manifest.
704 silly tarball no local data for @types/estree@https://registry.npmjs.org/@types/estree/-/estree-1.0.8.tgz. Extracting by manifest.
705 silly tarball no local data for source-map-js@https://registry.npmjs.org/source-map-js/-/source-map-js-1.2.1.tgz. Extracting by manifest.
706 silly tarball no local data for nanoid@https://registry.npmjs.org/nanoid/-/nanoid-3.3.12.tgz. Extracting by manifest.
707 silly tarball no local data for @esbuild/win32-x64@https://registry.npmjs.org/@esbuild/win32-x64/-/win32-x64-0.25.12.tgz. Extracting by manifest.
708 silly tarball no local data for @rollup/rollup-win32-x64-msvc@https://registry.npmjs.org/@rollup/rollup-win32-x64-msvc/-/rollup-win32-x64-msvc-4.60.2.tgz. Extracting by manifest.
709 silly tarball no local data for picocolors@https://registry.npmjs.org/picocolors/-/picocolors-1.1.1.tgz. Extracting by manifest.
710 silly tarball no local data for tinyglobby@https://registry.npmjs.org/tinyglobby/-/tinyglobby-0.2.16.tgz. Extracting by manifest.
711 silly tarball no local data for fdir@https://registry.npmjs.org/fdir/-/fdir-6.5.0.tgz. Extracting by manifest.
712 silly tarball no local data for rollup@https://registry.npmjs.org/rollup/-/rollup-4.60.2.tgz. Extracting by manifest.
713 silly tarball no local data for picomatch@https://registry.npmjs.org/picomatch/-/picomatch-4.0.4.tgz. Extracting by manifest.
714 silly tarball no local data for postcss@https://registry.npmjs.org/postcss/-/postcss-8.5.13.tgz. Extracting by manifest.
715 silly tarball no local data for esbuild@https://registry.npmjs.org/esbuild/-/esbuild-0.25.12.tgz. Extracting by manifest.
716 silly tarball no local data for mime-db@https://registry.npmjs.org/mime-db/-/mime-db-1.52.0.tgz. Extracting by manifest.
717 silly tarball no local data for math-intrinsics@https://registry.npmjs.org/math-intrinsics/-/math-intrinsics-1.1.0.tgz. Extracting by manifest.
718 silly tarball no local data for has-symbols@https://registry.npmjs.org/has-symbols/-/has-symbols-1.1.0.tgz. Extracting by manifest.
719 silly tarball no local data for dunder-proto@https://registry.npmjs.org/dunder-proto/-/dunder-proto-1.0.1.tgz. Extracting by manifest.
720 silly tarball no local data for get-proto@https://registry.npmjs.org/get-proto/-/get-proto-1.0.1.tgz. Extracting by manifest.
721 silly tarball no local data for gopd@https://registry.npmjs.org/gopd/-/gopd-1.2.0.tgz. Extracting by manifest.
722 silly tarball no local data for es-object-atoms@https://registry.npmjs.org/es-object-atoms/-/es-object-atoms-1.1.1.tgz. Extracting by manifest.
723 silly tarball no local data for es-define-property@https://registry.npmjs.org/es-define-property/-/es-define-property-1.0.1.tgz. Extracting by manifest.
724 silly tarball no local data for get-intrinsic@https://registry.npmjs.org/get-intrinsic/-/get-intrinsic-1.3.0.tgz. Extracting by manifest.
725 silly tarball no local data for has-tostringtag@https://registry.npmjs.org/has-tostringtag/-/has-tostringtag-1.0.2.tgz. Extracting by manifest.
726 silly tarball no local data for call-bind-apply-helpers@https://registry.npmjs.org/call-bind-apply-helpers/-/call-bind-apply-helpers-1.0.2.tgz. Extracting by manifest.
727 silly tarball no local data for delayed-stream@https://registry.npmjs.org/delayed-stream/-/delayed-stream-1.0.0.tgz. Extracting by manifest.
728 silly tarball no local data for mime-types@https://registry.npmjs.org/mime-types/-/mime-types-2.1.35.tgz. Extracting by manifest.
729 silly tarball no local data for es-errors@https://registry.npmjs.org/es-errors/-/es-errors-1.3.0.tgz. Extracting by manifest.
730 silly tarball no local data for combined-stream@https://registry.npmjs.org/combined-stream/-/combined-stream-1.0.8.tgz. Extracting by manifest.
731 silly tarball no local data for function-bind@https://registry.npmjs.org/function-bind/-/function-bind-1.1.2.tgz. Extracting by manifest.
732 silly tarball no local data for hasown@https://registry.npmjs.org/hasown/-/hasown-2.0.3.tgz. Extracting by manifest.
733 silly tarball no local data for es-set-tostringtag@https://registry.npmjs.org/es-set-tostringtag/-/es-set-tostringtag-2.1.0.tgz. Extracting by manifest.
734 silly tarball no local data for asynckit@https://registry.npmjs.org/asynckit/-/asynckit-0.4.0.tgz. Extracting by manifest.
735 silly tarball no local data for proxy-from-env@https://registry.npmjs.org/proxy-from-env/-/proxy-from-env-2.1.0.tgz. Extracting by manifest.
736 silly tarball no local data for follow-redirects@https://registry.npmjs.org/follow-redirects/-/follow-redirects-1.16.0.tgz. Extracting by manifest.
737 silly tarball no local data for form-data@https://registry.npmjs.org/form-data/-/form-data-4.0.5.tgz. Extracting by manifest.
738 silly tarball no local data for vue-router@https://registry.npmjs.org/vue-router/-/vue-router-4.6.4.tgz. Extracting by manifest.
739 silly tarball no local data for vite@https://registry.npmjs.org/vite/-/vite-6.4.2.tgz. Extracting by manifest.
740 silly tarball no local data for @vitejs/plugin-vue@https://registry.npmjs.org/@vitejs/plugin-vue/-/plugin-vue-5.2.4.tgz. Extracting by manifest.
741 silly tarball no local data for vue@https://registry.npmjs.org/vue/-/vue-3.5.33.tgz. Extracting by manifest.
742 silly tarball no local data for axios@https://registry.npmjs.org/axios/-/axios-1.16.0.tgz. Extracting by manifest.
743 http fetch GET 200 https://registry.npmjs.org/magic-string/-/magic-string-0.30.21.tgz 142ms (cache miss)
744 http fetch GET 200 https://registry.npmjs.org/@babel/helper-validator-identifier/-/helper-validator-identifier-7.28.5.tgz 159ms (cache miss)
745 http fetch GET 200 https://registry.npmjs.org/csstype/-/csstype-3.2.3.tgz 162ms (cache miss)
746 http fetch GET 200 https://registry.npmjs.org/@babel/helper-string-parser/-/helper-string-parser-7.27.1.tgz 177ms (cache miss)
747 http fetch GET 200 https://registry.npmjs.org/estree-walker/-/estree-walker-2.0.2.tgz 192ms (cache miss)
748 http fetch POST 200 https://registry.npmjs.org/-/npm/v1/security/advisories/bulk 220ms
749 silly audit report {}
750 http fetch GET 200 https://registry.npmjs.org/@vue/devtools-api/-/devtools-api-6.6.4.tgz 209ms (cache miss)
751 http fetch GET 200 https://registry.npmjs.org/@vue/reactivity/-/reactivity-3.5.33.tgz 251ms (cache miss)
752 http fetch GET 200 https://registry.npmjs.org/entities/-/entities-7.0.1.tgz 307ms (cache miss)
753 http fetch GET 200 https://registry.npmjs.org/@jridgewell/sourcemap-codec/-/sourcemap-codec-1.5.5.tgz 329ms (cache miss)
754 http fetch GET 200 https://registry.npmjs.org/@types/estree/-/estree-1.0.8.tgz 346ms (cache miss)
755 http fetch GET 200 https://registry.npmjs.org/source-map-js/-/source-map-js-1.2.1.tgz 346ms (cache miss)
756 http fetch GET 200 https://registry.npmjs.org/nanoid/-/nanoid-3.3.12.tgz 388ms (cache miss)
757 http fetch GET 200 https://registry.npmjs.org/@vue/shared/-/shared-3.5.33.tgz 391ms (cache miss)
758 http fetch GET 200 https://registry.npmjs.org/@vue/compiler-ssr/-/compiler-ssr-3.5.33.tgz 402ms (cache miss)
759 http fetch GET 200 https://registry.npmjs.org/@vue/server-renderer/-/server-renderer-3.5.33.tgz 446ms (cache miss)
760 http fetch GET 200 https://registry.npmjs.org/@vue/runtime-dom/-/runtime-dom-3.5.33.tgz 447ms (cache miss)
761 http fetch GET 200 https://registry.npmjs.org/@babel/types/-/types-7.29.0.tgz 489ms (cache miss)
762 http fetch GET 200 https://registry.npmjs.org/picocolors/-/picocolors-1.1.1.tgz 523ms (cache miss)
763 http fetch GET 200 https://registry.npmjs.org/tinyglobby/-/tinyglobby-0.2.16.tgz 527ms (cache miss)
764 http fetch GET 200 https://registry.npmjs.org/fdir/-/fdir-6.5.0.tgz 528ms (cache miss)
765 http fetch GET 200 https://registry.npmjs.org/@vue/runtime-core/-/runtime-core-3.5.33.tgz 543ms (cache miss)
766 http fetch GET 200 https://registry.npmjs.org/@babel/parser/-/parser-7.29.3.tgz 561ms (cache miss)
767 http fetch GET 200 https://registry.npmjs.org/esbuild/-/esbuild-0.25.12.tgz 590ms (cache miss)
768 http fetch GET 200 https://registry.npmjs.org/picomatch/-/picomatch-4.0.4.tgz 592ms (cache miss)
769 http fetch GET 200 https://registry.npmjs.org/postcss/-/postcss-8.5.13.tgz 633ms (cache miss)
770 http fetch GET 200 https://registry.npmjs.org/dunder-proto/-/dunder-proto-1.0.1.tgz 797ms (cache miss)
771 http fetch GET 200 https://registry.npmjs.org/gopd/-/gopd-1.2.0.tgz 796ms (cache miss)
772 http fetch GET 200 https://registry.npmjs.org/math-intrinsics/-/math-intrinsics-1.1.0.tgz 797ms (cache miss)
773 http fetch GET 200 https://registry.npmjs.org/es-define-property/-/es-define-property-1.0.1.tgz 797ms (cache miss)
774 http fetch GET 200 https://registry.npmjs.org/@vue/compiler-dom/-/compiler-dom-3.5.33.tgz 809ms (cache miss)
775 http fetch GET 200 https://registry.npmjs.org/mime-db/-/mime-db-1.52.0.tgz 816ms (cache miss)
776 http fetch GET 200 https://registry.npmjs.org/get-proto/-/get-proto-1.0.1.tgz 815ms (cache miss)
777 http fetch GET 200 https://registry.npmjs.org/@vue/compiler-sfc/-/compiler-sfc-3.5.33.tgz 831ms (cache miss)
778 http fetch GET 200 https://registry.npmjs.org/es-object-atoms/-/es-object-atoms-1.1.1.tgz 849ms (cache miss)
779 http fetch GET 200 https://registry.npmjs.org/has-symbols/-/has-symbols-1.1.0.tgz 855ms (cache miss)
780 http fetch GET 200 https://registry.npmjs.org/has-tostringtag/-/has-tostringtag-1.0.2.tgz 873ms (cache miss)
781 http fetch GET 200 https://registry.npmjs.org/call-bind-apply-helpers/-/call-bind-apply-helpers-1.0.2.tgz 874ms (cache miss)
782 http fetch GET 200 https://registry.npmjs.org/delayed-stream/-/delayed-stream-1.0.0.tgz 874ms (cache miss)
783 http fetch GET 200 https://registry.npmjs.org/get-intrinsic/-/get-intrinsic-1.3.0.tgz 878ms (cache miss)
784 http fetch GET 200 https://registry.npmjs.org/es-errors/-/es-errors-1.3.0.tgz 878ms (cache miss)
785 http fetch GET 200 https://registry.npmjs.org/mime-types/-/mime-types-2.1.35.tgz 879ms (cache miss)
786 http fetch GET 200 https://registry.npmjs.org/@vue/compiler-core/-/compiler-core-3.5.33.tgz 924ms (cache miss)
787 http fetch GET 200 https://registry.npmjs.org/combined-stream/-/combined-stream-1.0.8.tgz 922ms (cache miss)
788 http fetch GET 200 https://registry.npmjs.org/es-set-tostringtag/-/es-set-tostringtag-2.1.0.tgz 986ms (cache miss)
789 http fetch GET 200 https://registry.npmjs.org/hasown/-/hasown-2.0.3.tgz 986ms (cache miss)
790 http fetch GET 200 https://registry.npmjs.org/proxy-from-env/-/proxy-from-env-2.1.0.tgz 986ms (cache miss)
791 http fetch GET 200 https://registry.npmjs.org/follow-redirects/-/follow-redirects-1.16.0.tgz 989ms (cache miss)
792 http fetch GET 200 https://registry.npmjs.org/form-data/-/form-data-4.0.5.tgz 993ms (cache miss)
793 http fetch GET 200 https://registry.npmjs.org/asynckit/-/asynckit-0.4.0.tgz 1004ms (cache miss)
794 http fetch GET 200 https://registry.npmjs.org/vue-router/-/vue-router-4.6.4.tgz 1024ms (cache miss)
795 http fetch GET 200 https://registry.npmjs.org/function-bind/-/function-bind-1.1.2.tgz 1164ms (cache miss)
796 http fetch GET 200 https://registry.npmjs.org/@vitejs/plugin-vue/-/plugin-vue-5.2.4.tgz 1162ms (cache miss)
797 http fetch GET 200 https://registry.npmjs.org/vite/-/vite-6.4.2.tgz 1190ms (cache miss)
798 http fetch GET 200 https://registry.npmjs.org/rollup/-/rollup-4.60.2.tgz 1197ms (cache miss)
799 http fetch GET 200 https://registry.npmjs.org/@rollup/rollup-win32-x64-gnu/-/rollup-win32-x64-gnu-4.60.2.tgz 1412ms (cache miss)
800 http fetch GET 200 https://registry.npmjs.org/@rollup/rollup-win32-x64-msvc/-/rollup-win32-x64-msvc-4.60.2.tgz 1637ms (cache miss)
801 http fetch GET 200 https://registry.npmjs.org/vue/-/vue-3.5.33.tgz 1766ms (cache miss)
802 http fetch GET 200 https://registry.npmjs.org/axios/-/axios-1.16.0.tgz 1801ms (cache miss)
803 http fetch GET 200 https://registry.npmjs.org/@esbuild/win32-x64/-/win32-x64-0.25.12.tgz 2375ms (cache miss)
804 info run esbuild@0.25.12 postinstall node_modules/esbuild node install.js
805 info run esbuild@0.25.12 postinstall { code: 'EPERM', signal: undefined }
806 warn cleanup Failed to remove some directories [
806 warn cleanup   [
806 warn cleanup     '\\\\?\\C:\\Users\\wuhu\\Desktop\\zihua-project\\zihua-web\\node_modules\\axios',
806 warn cleanup     [Error: EPERM: operation not permitted, rmdir 'C:\Users\wuhu\Desktop\zihua-project\zihua-web\node_modules\axios'] {
806 warn cleanup       errno: -4048,
806 warn cleanup       code: 'EPERM',
806 warn cleanup       syscall: 'rmdir',
806 warn cleanup       path: 'C:\\Users\\wuhu\\Desktop\\zihua-project\\zihua-web\\node_modules\\axios'
806 warn cleanup     }
806 warn cleanup   ],
806 warn cleanup   [
806 warn cleanup     '\\\\?\\C:\\Users\\wuhu\\Desktop\\zihua-project\\zihua-web\\node_modules',
806 warn cleanup     [Error: EPERM: operation not permitted, rmdir 'C:\Users\wuhu\Desktop\zihua-project\zihua-web\node_modules\@babel'] {
806 warn cleanup       errno: -4048,
806 warn cleanup       code: 'EPERM',
806 warn cleanup       syscall: 'rmdir',
806 warn cleanup       path: 'C:\\Users\\wuhu\\Desktop\\zihua-project\\zihua-web\\node_modules\\@babel'
806 warn cleanup     }
806 warn cleanup   ]
806 warn cleanup ]
807 verbose stack Error: spawn EPERM
807 verbose stack     at ChildProcess.spawn (node:internal/child_process:441:11)
807 verbose stack     at spawn (node:child_process:796:9)
807 verbose stack     at promiseSpawn (D:\Nodejs\node_modules\npm\node_modules\@npmcli\promise-spawn\lib\index.js:39:16)
807 verbose stack     at spawnWithShell (D:\Nodejs\node_modules\npm\node_modules\@npmcli\promise-spawn\lib\index.js:124:10)
807 verbose stack     at promiseSpawn (D:\Nodejs\node_modules\npm\node_modules\@npmcli\promise-spawn\lib\index.js:12:12)
807 verbose stack     at runScriptPkg (D:\Nodejs\node_modules\npm\node_modules\@npmcli\run-script\lib\run-script-pkg.js:79:13)
807 verbose stack     at runScript (D:\Nodejs\node_modules\npm\node_modules\@npmcli\run-script\lib\run-script.js:9:12)
807 verbose stack     at D:\Nodejs\node_modules\npm\node_modules\@npmcli\arborist\lib\arborist\rebuild.js:328:17
807 verbose stack     at run (D:\Nodejs\node_modules\npm\node_modules\promise-call-limit\dist\commonjs\index.js:67:22)
807 verbose stack     at D:\Nodejs\node_modules\npm\node_modules\promise-call-limit\dist\commonjs\index.js:84:9
808 error code EPERM
809 error syscall spawn
810 error errno -4048
811 error Error: spawn EPERM
811 error     at ChildProcess.spawn (node:internal/child_process:441:11)
811 error     at spawn (node:child_process:796:9)
811 error     at promiseSpawn (D:\Nodejs\node_modules\npm\node_modules\@npmcli\promise-spawn\lib\index.js:39:16)
811 error     at spawnWithShell (D:\Nodejs\node_modules\npm\node_modules\@npmcli\promise-spawn\lib\index.js:124:10)
811 error     at promiseSpawn (D:\Nodejs\node_modules\npm\node_modules\@npmcli\promise-spawn\lib\index.js:12:12)
811 error     at runScriptPkg (D:\Nodejs\node_modules\npm\node_modules\@npmcli\run-script\lib\run-script-pkg.js:79:13)
811 error     at runScript (D:\Nodejs\node_modules\npm\node_modules\@npmcli\run-script\lib\run-script.js:9:12)
811 error     at D:\Nodejs\node_modules\npm\node_modules\@npmcli\arborist\lib\arborist\rebuild.js:328:17
811 error     at run (D:\Nodejs\node_modules\npm\node_modules\promise-call-limit\dist\commonjs\index.js:67:22)
811 error     at D:\Nodejs\node_modules\npm\node_modules\promise-call-limit\dist\commonjs\index.js:84:9 {
811 error   errno: -4048,
811 error   code: 'EPERM',
811 error   syscall: 'spawn'
811 error }
812 error
812 error The operation was rejected by your operating system.
812 error It's possible that the file was already in use (by a text editor or antivirus), or that you lack permissions to access it.
812 error
812 error If you believe this might be a permissions issue, please double-check the permissions of the file and its containing directories, or try running the command again as root/Administrator.
813 silly unfinished npm timer reify 1777776224603
814 silly unfinished npm timer reify:build 1777776233702
815 silly unfinished npm timer build 1777776233702
816 silly unfinished npm timer build:deps 1777776233703
817 silly unfinished npm timer build:run:postinstall 1777776233717
818 silly unfinished npm timer build:run:postinstall:node_modules/esbuild 1777776233717
819 verbose cwd C:\Users\wuhu\Desktop\zihua-project\zihua-web
820 verbose os Windows_NT 10.0.26200
821 verbose node v24.15.0
822 verbose npm  v11.12.1
823 notice
823 notice New minor version of npm available! 11.12.1 -> 11.13.0
823 notice Changelog: https://github.com/npm/cli/releases/tag/v11.13.0
823 notice To update run: npm install -g npm@11.13.0
823 notice  { force: true, Symbol(proc-log.meta): true }
824 verbose exit -4048
825 verbose code -4048
826 error A complete log of this run can be found in: C:\Users\wuhu\Desktop\zihua-project\zihua-web\.npm-cache\_logs\2026-05-03T02_43_44_327Z-debug-0.log
